23:42:35.520 www.googletagmanager.com/gtag/js?l=dataLayer&id=undefined:1  Failed to load resource: net::ERR_BLOCKED_BY_CLIENT
23:42:38.309 firebase-hk0j4Ic4.js:226 [2026-04-16T21:42:38.308Z]  @firebase/firestore: Firestore (12.12.0): Uncaught Error in snapshot listener: FirebaseError: [code=permission-denied]: Missing or insufficient permissions.
Rm @ firebase-hk0j4Ic4.js:226
23:42:38.323 (index):1 Uncaught (in promise) FirebaseError: Missing or insufficient permissions.
23:42:38.423 firebase-hk0j4Ic4.js:226 [2026-04-16T21:42:38.423Z]  @firebase/firestore: Firestore (12.12.0): Uncaught Error in snapshot listener: FirebaseError: [code=permission-denied]: Missing or insufficient permissions.
Rm @ firebase-hk0j4Ic4.js:226
23:43:33.607 index-TqaWaDy8.js:481 Error fetching agent knowledge: FirebaseError: Missing or insufficient permissions.
b0 @ index-TqaWaDy8.js:481
23:43:33.700 index-TqaWaDy8.js:481 Error fetching agent knowledge: FirebaseError: Missing or insufficient permissions.
b0 @ index-TqaWaDy8.js:481
23:43:33.702 index-TqaWaDy8.js:481 Error fetching agent knowledge: FirebaseError: Missing or insufficient permissions.
b0 @ index-TqaWaDy8.js:481
23:43:33.702 index-TqaWaDy8.js:481 Error fetching agent knowledge: FirebaseError: Missing or insufficient permissions.
b0 @ index-TqaWaDy8.js:481
23:43:33.703 index-TqaWaDy8.js:481 Error fetching agent knowledge: FirebaseError: Missing or insufficient permissions.
b0 @ index-TqaWaDy8.js:481
23:43:33.703 index-TqaWaDy8.js:481 Error fetching agent knowledge: FirebaseError: Missing or insufficient permissions.
b0 @ index-TqaWaDy8.js:481
23:43:34.834 /api/review:1  Failed to load resource: the server responded with a status of 400 ()
23:43:34.835 index-TqaWaDy8.js:365 Retrying... 3 attempts remaining
23:43:34.844 /api/review:1  Failed to load resource: the server responded with a status of 400 ()
23:43:34.852 index-TqaWaDy8.js:365 Retrying... 3 attempts remaining
23:43:35.170 review:1  Failed to load resource: the server responded with a status of 400 ()
23:43:35.170 index-TqaWaDy8.js:365 Retrying... 3 attempts remaining
23:43:36.925 review:1  Failed to load resource: the server responded with a status of 400 ()
23:43:36.926 index-TqaWaDy8.js:365 Retrying... 3 attempts remaining
23:43:37.024 review:1  Failed to load resource: the server responded with a status of 400 ()
23:43:37.025 index-TqaWaDy8.js:365 Retrying... 3 attempts remaining
23:43:37.250 index-TqaWaDy8.js:365  POST https://arc-1-orpin.vercel.app/api/review 400 (Bad Request)
(anonymous) @ index-TqaWaDy8.js:365
Sl @ index-TqaWaDy8.js:365
Sl @ index-TqaWaDy8.js:365
23:43:37.250 index-TqaWaDy8.js:365 Retrying... 2 attempts remaining
23:43:39.306 Fetch failed loading: POST "<URL>".
23:43:39.306 Fetch failed loading: POST "<URL>".
23:43:39.306 Fetch failed loading: POST "<URL>".
23:43:39.306 Fetch failed loading: POST "<URL>".
23:43:39.306 Fetch failed loading: POST "<URL>".
23:43:39.306 Fetch failed loading: POST "<URL>".
23:43:39.306 Fetch failed loading: POST "<URL>".
23:43:39.306 Fetch failed loading: POST "<URL>".
23:43:39.306 Fetch failed loading: POST "<URL>".
23:43:39.306 Fetch failed loading: POST "<URL>".
23:43:39.306 Fetch failed loading: POST "<URL>".
23:43:39.306 Fetch failed loading: POST "<URL>".
23:43:39.306 Fetch failed loading: POST "<URL>".
23:43:39.306 Fetch failed loading: POST "<URL>".
23:43:39.306 Fetch failed loading: POST "<URL>".
23:43:39.306 Fetch failed loading: POST "<URL>".
23:43:39.306 Fetch failed loading: POST "<URL>".
23:43:39.306 Fetch failed loading: POST "<URL>".
23:43:39.306 Fetch failed loading: POST "<URL>".
23:43:39.306 Fetch failed loading: POST "<URL>".
23:43:39.306 Fetch failed loading: POST "<URL>".
23:43:39.306 Fetch failed loading: POST "<URL>".
23:43:39.306 Fetch failed loading: POST "<URL>".
23:43:39.306 Fetch failed loading: POST "<URL>".
23:43:37.271 review:1  Failed to load resource: the server responded with a status of 400 ()
23:43:37.272 index-TqaWaDy8.js:365 Retrying... 3 attempts remaining
23:43:37.274 index-TqaWaDy8.js:365  POST https://arc-1-orpin.vercel.app/api/review 400 (Bad Request)
(anonymous) @ index-TqaWaDy8.js:365
Sl @ index-TqaWaDy8.js:365
Sl @ index-TqaWaDy8.js:365
23:43:37.275 index-TqaWaDy8.js:365 Retrying... 2 attempts remaining
23:43:37.297 index-TqaWaDy8.js:365  POST https://arc-1-orpin.vercel.app/api/review 400 (Bad Request)
(anonymous) @ index-TqaWaDy8.js:365
Sl @ index-TqaWaDy8.js:365
Sl @ index-TqaWaDy8.js:365
23:43:37.297 index-TqaWaDy8.js:365 Retrying... 2 attempts remaining
23:43:39.001 index-TqaWaDy8.js:365  POST https://arc-1-orpin.vercel.app/api/review 400 (Bad Request)
(anonymous) @ index-TqaWaDy8.js:365
Sl @ index-TqaWaDy8.js:365
Sl @ index-TqaWaDy8.js:365
23:43:39.002 index-TqaWaDy8.js:365 Retrying... 2 attempts remaining
23:43:39.302 index-TqaWaDy8.js:365  POST https://arc-1-orpin.vercel.app/api/review 400 (Bad Request)
(anonymous) @ index-TqaWaDy8.js:365
Sl @ index-TqaWaDy8.js:365
Sl @ index-TqaWaDy8.js:365
23:43:39.303 index-TqaWaDy8.js:365 Retrying... 2 attempts remaining
23:43:39.344 index-TqaWaDy8.js:365  POST https://arc-1-orpin.vercel.app/api/review 400 (Bad Request)
(anonymous) @ index-TqaWaDy8.js:365
Sl @ index-TqaWaDy8.js:365
Sl @ index-TqaWaDy8.js:365
23:43:39.344 index-TqaWaDy8.js:365 Retrying... 2 attempts remaining
23:43:39.437 index-TqaWaDy8.js:365  POST https://arc-1-orpin.vercel.app/api/review 400 (Bad Request)
(anonymous) @ index-TqaWaDy8.js:365
Sl @ index-TqaWaDy8.js:365
Sl @ index-TqaWaDy8.js:365
await in Sl
Sl @ index-TqaWaDy8.js:365
23:43:39.437 index-TqaWaDy8.js:365 Retrying... 1 attempts remaining
23:43:39.516 index-TqaWaDy8.js:365  POST https://arc-1-orpin.vercel.app/api/review 400 (Bad Request)
(anonymous) @ index-TqaWaDy8.js:365
Sl @ index-TqaWaDy8.js:365
Sl @ index-TqaWaDy8.js:365
await in Sl
Sl @ index-TqaWaDy8.js:365
23:43:39.516 index-TqaWaDy8.js:365 Retrying... 1 attempts remaining
23:43:39.750 index-TqaWaDy8.js:365  POST https://arc-1-orpin.vercel.app/api/review 400 (Bad Request)
(anonymous) @ index-TqaWaDy8.js:365
Sl @ index-TqaWaDy8.js:365
Sl @ index-TqaWaDy8.js:365
await in Sl
Sl @ index-TqaWaDy8.js:365
23:43:39.751 index-TqaWaDy8.js:365 Retrying... 1 attempts remaining
23:43:41.074 index-TqaWaDy8.js:365  POST https://arc-1-orpin.vercel.app/api/review 400 (Bad Request)
(anonymous) @ index-TqaWaDy8.js:365
Sl @ index-TqaWaDy8.js:365
Sl @ index-TqaWaDy8.js:365
await in Sl
Sl @ index-TqaWaDy8.js:365
23:43:41.074 index-TqaWaDy8.js:365 Retrying... 1 attempts remaining
23:43:41.437 index-TqaWaDy8.js:365  POST https://arc-1-orpin.vercel.app/api/review 400 (Bad Request)
(anonymous) @ index-TqaWaDy8.js:365
Sl @ index-TqaWaDy8.js:365
Sl @ index-TqaWaDy8.js:365
await in Sl
Sl @ index-TqaWaDy8.js:365
23:43:41.437 index-TqaWaDy8.js:365 Retrying... 1 attempts remaining
23:43:41.449 index-TqaWaDy8.js:365  POST https://arc-1-orpin.vercel.app/api/review 400 (Bad Request)
(anonymous) @ index-TqaWaDy8.js:365
Sl @ index-TqaWaDy8.js:365
Sl @ index-TqaWaDy8.js:365
await in Sl
Sl @ index-TqaWaDy8.js:365
23:43:41.449 index-TqaWaDy8.js:365 Retrying... 1 attempts remaining
23:43:41.464 index-TqaWaDy8.js:365  POST https://arc-1-orpin.vercel.app/api/review 400 (Bad Request)
(anonymous) @ index-TqaWaDy8.js:365
Sl @ index-TqaWaDy8.js:365
Sl @ index-TqaWaDy8.js:365
await in Sl
Sl @ index-TqaWaDy8.js:365
await in Sl
Sl @ index-TqaWaDy8.js:365
23:43:41.465 index-TqaWaDy8.js:463 Agent Wall Compliance Agent failed: Error: LLM Proxy Error: 400 {"error":"LLM Provider rejected request","details":"{\"error\":{\"message\":\"cannot identify image file <_io.BytesIO object>\",\"type\":\"BadRequestError\",\"param\":null,\"code\":400}}","targetUrl":"https://integrate.api.nvidia.com/v1/chat/completions","targetModel":"mistralai/mistral-small-4-119b-2603"}
    at index-TqaWaDy8.js:365:19359
    at async Sl (index-TqaWaDy8.js:365:17330)
    at async index-TqaWaDy8.js:463:264
    at async Promise.all (/index 0)
    at async ko (index-TqaWaDy8.js:463:730)
    at async h (index-TqaWaDy8.js:486:149938)
(anonymous) @ index-TqaWaDy8.js:463
23:43:41.498 index-TqaWaDy8.js:365  POST https://arc-1-orpin.vercel.app/api/review 400 (Bad Request)
(anonymous) @ index-TqaWaDy8.js:365
Sl @ index-TqaWaDy8.js:365
Sl @ index-TqaWaDy8.js:365
await in Sl
Sl @ index-TqaWaDy8.js:365
await in Sl
Sl @ index-TqaWaDy8.js:365
23:43:41.498 index-TqaWaDy8.js:463 Agent Fenestration & Window Agent failed: Error: LLM Proxy Error: 400 {"error":"LLM Provider rejected request","details":"{\"error\":{\"message\":\"cannot identify image file <_io.BytesIO object>\",\"type\":\"BadRequestError\",\"param\":null,\"code\":400}}","targetUrl":"https://integrate.api.nvidia.com/v1/chat/completions","targetModel":"mistralai/mistral-small-4-119b-2603"}
    at index-TqaWaDy8.js:365:19359
    at async Sl (index-TqaWaDy8.js:365:17330)
    at async index-TqaWaDy8.js:463:264
    at async Promise.all (/index 1)
    at async ko (index-TqaWaDy8.js:463:730)
    at async h (index-TqaWaDy8.js:486:149938)
(anonymous) @ index-TqaWaDy8.js:463
23:43:41.566 index-TqaWaDy8.js:365  POST https://arc-1-orpin.vercel.app/api/review 400 (Bad Request)
(anonymous) @ index-TqaWaDy8.js:365
Sl @ index-TqaWaDy8.js:365
Sl @ index-TqaWaDy8.js:365
await in Sl
Sl @ index-TqaWaDy8.js:365
await in Sl
Sl @ index-TqaWaDy8.js:365
23:43:41.567 index-TqaWaDy8.js:463 Agent Area & Room Sizing Agent failed: Error: LLM Proxy Error: 400 {"error":"LLM Provider rejected request","details":"{\"error\":{\"message\":\"cannot identify image file <_io.BytesIO object>\",\"type\":\"BadRequestError\",\"param\":null,\"code\":400}}","targetUrl":"https://integrate.api.nvidia.com/v1/chat/completions","targetModel":"mistralai/mistral-small-4-119b-2603"}
    at index-TqaWaDy8.js:365:19359
    at async Sl (index-TqaWaDy8.js:365:17330)
    at async index-TqaWaDy8.js:463:264
    at async Promise.all (/index 3)
    at async ko (index-TqaWaDy8.js:463:730)
    at async h (index-TqaWaDy8.js:486:149938)
(anonymous) @ index-TqaWaDy8.js:463
23:43:45.000 index-TqaWaDy8.js:365  POST https://arc-1-orpin.vercel.app/api/review 400 (Bad Request)
(anonymous) @ index-TqaWaDy8.js:365
Sl @ index-TqaWaDy8.js:365
Sl @ index-TqaWaDy8.js:365
await in Sl
Sl @ index-TqaWaDy8.js:365
await in Sl
Sl @ index-TqaWaDy8.js:365
23:43:45.001 index-TqaWaDy8.js:463 Agent SANS Compliance Specialist failed: Error: LLM Proxy Error: 400 {"error":"LLM Provider rejected request","details":"{\"error\":{\"message\":\"cannot identify image file <_io.BytesIO object>\",\"type\":\"BadRequestError\",\"param\":null,\"code\":400}}","targetUrl":"https://integrate.api.nvidia.com/v1/chat/completions","targetModel":"mistralai/mistral-small-4-119b-2603"}
    at index-TqaWaDy8.js:365:19359
    at async Sl (index-TqaWaDy8.js:365:17330)
    at async index-TqaWaDy8.js:463:264
    at async Promise.all (/index 5)
    at async ko (index-TqaWaDy8.js:463:730)
    at async h (index-TqaWaDy8.js:486:149938)
(anonymous) @ index-TqaWaDy8.js:463
23:43:45.337 index-TqaWaDy8.js:365  POST https://arc-1-orpin.vercel.app/api/review 400 (Bad Request)
(anonymous) @ index-TqaWaDy8.js:365
Sl @ index-TqaWaDy8.js:365
Sl @ index-TqaWaDy8.js:365
await in Sl
Sl @ index-TqaWaDy8.js:365
await in Sl
Sl @ index-TqaWaDy8.js:365
23:43:45.337 index-TqaWaDy8.js:463 Agent General Compliance Agent failed: Error: LLM Proxy Error: 400 {"error":"LLM Provider rejected request","details":"{\"error\":{\"message\":\"cannot identify image file <_io.BytesIO object>\",\"type\":\"BadRequestError\",\"param\":null,\"code\":400}}","targetUrl":"https://integrate.api.nvidia.com/v1/chat/completions","targetModel":"mistralai/mistral-small-4-119b-2603"}
    at index-TqaWaDy8.js:365:19359
    at async Sl (index-TqaWaDy8.js:365:17330)
    at async index-TqaWaDy8.js:463:264
    at async Promise.all (/index 4)
    at async ko (index-TqaWaDy8.js:463:730)
    at async h (index-TqaWaDy8.js:486:149938)
(anonymous) @ index-TqaWaDy8.js:463
23:43:45.366 index-TqaWaDy8.js:365  POST https://arc-1-orpin.vercel.app/api/review 400 (Bad Request)
(anonymous) @ index-TqaWaDy8.js:365
Sl @ index-TqaWaDy8.js:365
Sl @ index-TqaWaDy8.js:365
await in Sl
Sl @ index-TqaWaDy8.js:365
await in Sl
Sl @ index-TqaWaDy8.js:365
23:43:45.367 index-TqaWaDy8.js:463 Agent Door & Fire Safety Agent failed: Error: LLM Proxy Error: 400 {"error":"LLM Provider rejected request","details":"{\"error\":{\"message\":\"cannot identify image file <_io.BytesIO object>\",\"type\":\"BadRequestError\",\"param\":null,\"code\":400}}","targetUrl":"https://integrate.api.nvidia.com/v1/chat/completions","targetModel":"mistralai/mistral-small-4-119b-2603"}
    at index-TqaWaDy8.js:365:19359
    at async Sl (index-TqaWaDy8.js:365:17330)
    at async index-TqaWaDy8.js:463:264
    at async Promise.all (/index 2)
    at async ko (index-TqaWaDy8.js:463:730)
    at async h (index-TqaWaDy8.js:486:149938)
(anonymous) @ index-TqaWaDy8.js:463
23:44:24.927 Fetch finished loading: POST "<URL>".
23:44:24.927 Fetch finished loading: POST "<URL>".
23:44:24.927 Fetch finished loading: POST "<URL>".
23:44:24.927 Fetch finished loading: POST "<URL>".
23:44:24.927 Fetch finished loading: POST "<URL>".
23:44:24.927 Fetch finished loading: POST "<URL>".
23:44:24.927 Fetch finished loading: POST "<URL>".
23:44:24.927 Fetch finished loading: POST "<URL>".
23:44:24.927 Fetch finished loading: POST "<URL>".
23:44:24.927 Fetch finished loading: POST "<URL>".
23:44:24.927 Fetch finished loading: POST "<URL>".
23:44:24.927 Fetch finished loading: POST "<URL>".
23:44:24.927 Fetch finished loading: POST "<URL>".
23:44:24.927 Fetch finished loading: POST "<URL>".
23:44:24.927 Fetch finished loading: POST "<URL>".
23:44:24.927 Fetch finished loading: POST "<URL>".
23:44:24.927 Fetch finished loading: POST "<URL>".
23:44:24.927 Fetch finished loading: POST "<URL>".
23:44:24.927 Fetch finished loading: POST "<URL>".
23:44:24.927 Fetch finished loading: POST "<URL>".
23:44:24.927 Fetch finished loading: POST "<URL>".
23:44:24.927 Fetch finished loading: POST "<URL>".
23:44:24.927 Fetch finished loading: POST "<URL>".
23:44:24.927 Fetch finished loading: POST "<URL>".
23:44:24.927 Fetch finished loading: POST "<URL>".
23:44:24.927 Fetch finished loading: POST "<URL>".
23:44:24.927 Fetch finished loading: POST "<URL>".
23:44:24.927 Fetch finished loading: POST "<URL>".
23:44:24.927 Fetch finished loading: POST "<URL>".
23:44:24.927 Fetch finished loading: POST "<URL>".
23:44:24.927 Fetch finished loading: POST "<URL>".
23:44:24.927 Fetch finished loading: POST "<URL>".
23:44:24.927 Fetch finished loading: POST "<URL>".
23:44:24.927 Fetch finished loading: POST "<URL>".
23:44:24.927 Fetch finished loading: POST "<URL>".
23:44:24.927 Fetch finished loading: POST "<URL>".
23:44:24.927 Fetch finished loading: POST "<URL>".
23:44:24.927 Fetch finished loading: POST "<URL>".
23:44:24.927 Fetch finished loading: POST "<URL>".
23:44:24.927 Fetch finished loading: POST "<URL>".
23:44:24.927 Fetch finished loading: POST "<URL>".
23:44:24.927 Fetch finished loading: POST "<URL>".
23:43:45.574 firebase-hk0j4Ic4.js:2060 Fetch finished loading: POST "https://firestore.googleapis.com/google.firestore.v1.Firestore/Listen/channel?VER=8&database=projects%2Fgen-lang-client-0880960511%2Fdatabases%2Fai-studio-2ae3d9c3-70e6-4323-8a95-9d566bd24635&gsessionid=QyqPGquhjcWOGv8uowxbtRto0oDWo6gV5dUAWFLDgskgJNgTq0DfkA&SID=GXWkveTzX8bMcYo8qR8Cxg&RID=36907&AID=201&zx=3cqsr1u91yno&t=1".
n.send @ firebase-hk0j4Ic4.js:2060
n.ea @ firebase-hk0j4Ic4.js:2062
Cc @ firebase-hk0j4Ic4.js:2059
$s @ firebase-hk0j4Ic4.js:2059
Xc @ firebase-hk0j4Ic4.js:2063
n.Ea @ firebase-hk0j4Ic4.js:2063
y @ firebase-hk0j4Ic4.js:2055
Promise.then
Ee @ firebase-hk0j4Ic4.js:2055
li @ firebase-hk0j4Ic4.js:2063
xe.o @ firebase-hk0j4Ic4.js:2063
Jo @ firebase-hk0j4Ic4.js:3271
send @ firebase-hk0j4Ic4.js:3256
q_ @ firebase-hk0j4Ic4.js:3331
Z_ @ firebase-hk0j4Ic4.js:3331
Oa @ firebase-hk0j4Ic4.js:3362
gf @ firebase-hk0j4Ic4.js:3362
Af @ firebase-hk0j4Ic4.js:3440
await in Af
Bw @ firebase-hk0j4Ic4.js:3440
Ua @ firebase-hk0j4Ic4.js:3425
(anonymous) @ firebase-hk0j4Ic4.js:3485
(anonymous) @ firebase-hk0j4Ic4.js:3485
await in (anonymous)
(anonymous) @ firebase-hk0j4Ic4.js:3560
(anonymous) @ firebase-hk0j4Ic4.js:3560
Promise.then
cc @ firebase-hk0j4Ic4.js:3560
enqueue @ firebase-hk0j4Ic4.js:3560
enqueueAndForget @ firebase-hk0j4Ic4.js:3560
sv @ firebase-hk0j4Ic4.js:3485
JA @ firebase-hk0j4Ic4.js:3771
Ys @ index-TqaWaDy8.js:458
ko @ index-TqaWaDy8.js:465
23:43:45.806 firebase-hk0j4Ic4.js:2060 Fetch finished loading: POST "https://firestore.googleapis.com/google.firestore.v1.Firestore/Listen/channel?VER=8&database=projects%2Fgen-lang-client-0880960511%2Fdatabases%2Fai-studio-2ae3d9c3-70e6-4323-8a95-9d566bd24635&gsessionid=QyqPGquhjcWOGv8uowxbtRto0oDWo6gV5dUAWFLDgskgJNgTq0DfkA&SID=GXWkveTzX8bMcYo8qR8Cxg&RID=36908&AID=207&zx=g6p0fnwl1g7l&t=1".
n.send @ firebase-hk0j4Ic4.js:2060
n.ea @ firebase-hk0j4Ic4.js:2062
Cc @ firebase-hk0j4Ic4.js:2059
$s @ firebase-hk0j4Ic4.js:2059
Xc @ firebase-hk0j4Ic4.js:2063
n.Ea @ firebase-hk0j4Ic4.js:2063
y @ firebase-hk0j4Ic4.js:2055
Promise.then
Ee @ firebase-hk0j4Ic4.js:2055
li @ firebase-hk0j4Ic4.js:2063
xe.o @ firebase-hk0j4Ic4.js:2063
Jo @ firebase-hk0j4Ic4.js:3271
send @ firebase-hk0j4Ic4.js:3256
q_ @ firebase-hk0j4Ic4.js:3331
X_ @ firebase-hk0j4Ic4.js:3331
_f @ firebase-hk0j4Ic4.js:3362
Va @ firebase-hk0j4Ic4.js:3362
(anonymous) @ firebase-hk0j4Ic4.js:3440
Promise.then
$w @ firebase-hk0j4Ic4.js:3440
Ba @ firebase-hk0j4Ic4.js:3425
(anonymous) @ firebase-hk0j4Ic4.js:3485
(anonymous) @ firebase-hk0j4Ic4.js:3560
(anonymous) @ firebase-hk0j4Ic4.js:3560
Promise.then
cc @ firebase-hk0j4Ic4.js:3560
enqueue @ firebase-hk0j4Ic4.js:3560
enqueueAndForget @ firebase-hk0j4Ic4.js:3560
next @ firebase-hk0j4Ic4.js:3485
(anonymous) @ firebase-hk0j4Ic4.js:3470
setTimeout
Ou @ firebase-hk0j4Ic4.js:3470
next @ firebase-hk0j4Ic4.js:3470
ka @ firebase-hk0j4Ic4.js:3425
Fa @ firebase-hk0j4Ic4.js:3425
Ow @ firebase-hk0j4Ic4.js:3425
Gr @ firebase-hk0j4Ic4.js:3440
await in Gr
Rf @ firebase-hk0j4Ic4.js:3440
await in Rf
(anonymous) @ firebase-hk0j4Ic4.js:3362
Aw @ firebase-hk0j4Ic4.js:3362
await in Aw
onNext @ firebase-hk0j4Ic4.js:3331
(anonymous) @ firebase-hk0j4Ic4.js:3331
(anonymous) @ firebase-hk0j4Ic4.js:3331
(anonymous) @ firebase-hk0j4Ic4.js:3560
(anonymous) @ firebase-hk0j4Ic4.js:3560
Promise.then
cc @ firebase-hk0j4Ic4.js:3560
enqueue @ firebase-hk0j4Ic4.js:3560
enqueueAndForget @ firebase-hk0j4Ic4.js:3560
(anonymous) @ firebase-hk0j4Ic4.js:3331
(anonymous) @ firebase-hk0j4Ic4.js:3331
__ @ firebase-hk0j4Ic4.js:3256
(anonymous) @ firebase-hk0j4Ic4.js:3271
(anonymous) @ firebase-hk0j4Ic4.js:3271
ni @ firebase-hk0j4Ic4.js:2055
be @ firebase-hk0j4Ic4.js:2055
En.qa @ firebase-hk0j4Ic4.js:2063
zs @ firebase-hk0j4Ic4.js:2060
wt.Y @ firebase-hk0j4Ic4.js:2059
wt.ba @ firebase-hk0j4Ic4.js:2059
ni @ firebase-hk0j4Ic4.js:2055
be @ firebase-hk0j4Ic4.js:2055
Kc @ firebase-hk0j4Ic4.js:2062
n.Xa @ firebase-hk0j4Ic4.js:2062
n.Ca @ firebase-hk0j4Ic4.js:2062
or @ firebase-hk0j4Ic4.js:2061
n.Ma @ firebase-hk0j4Ic4.js:2060
Promise.then
Hc @ firebase-hk0j4Ic4.js:2060
n.Ma @ firebase-hk0j4Ic4.js:2060
Promise.then
Hc @ firebase-hk0j4Ic4.js:2060
n.Ma @ firebase-hk0j4Ic4.js:2060
23:43:45.807 firebase-hk0j4Ic4.js:2060 Fetch finished loading: POST "https://firestore.googleapis.com/google.firestore.v1.Firestore/Write/channel?VER=8&database=projects%2Fgen-lang-client-0880960511%2Fdatabases%2Fai-studio-2ae3d9c3-70e6-4323-8a95-9d566bd24635&gsessionid=St2IyxGq9_ChhE7LdSATLJzg2N0NtGubZZQ7CS6ucxaqRx0JrzZBfA&SID=dCj0h9I0xIU5Ql7s_VVYFw&RID=54114&AID=8&zx=8ki4zc4c2w71&t=1".
n.send @ firebase-hk0j4Ic4.js:2060
n.ea @ firebase-hk0j4Ic4.js:2062
Cc @ firebase-hk0j4Ic4.js:2059
$s @ firebase-hk0j4Ic4.js:2059
Xc @ firebase-hk0j4Ic4.js:2063
n.Ea @ firebase-hk0j4Ic4.js:2063
y @ firebase-hk0j4Ic4.js:2055
Promise.then
Ee @ firebase-hk0j4Ic4.js:2055
li @ firebase-hk0j4Ic4.js:2063
xe.o @ firebase-hk0j4Ic4.js:2063
Jo @ firebase-hk0j4Ic4.js:3271
send @ firebase-hk0j4Ic4.js:3256
q_ @ firebase-hk0j4Ic4.js:3331
ea @ firebase-hk0j4Ic4.js:3331
Sw @ firebase-hk0j4Ic4.js:3362
Rs @ firebase-hk0j4Ic4.js:3362
await in Rs
zw @ firebase-hk0j4Ic4.js:3440
await in zw
(anonymous) @ firebase-hk0j4Ic4.js:3485
await in (anonymous)
(anonymous) @ firebase-hk0j4Ic4.js:3560
(anonymous) @ firebase-hk0j4Ic4.js:3560
Promise.then
cc @ firebase-hk0j4Ic4.js:3560
enqueue @ firebase-hk0j4Ic4.js:3560
enqueueAndForget @ firebase-hk0j4Ic4.js:3560
ov @ firebase-hk0j4Ic4.js:3485
Xr @ firebase-hk0j4Ic4.js:3771
ZA @ firebase-hk0j4Ic4.js:3771
Ys @ index-TqaWaDy8.js:458
await in Ys
ko @ index-TqaWaDy8.js:465
23:43:58.869 index-TqaWaDy8.js:365 Fetch finished loading: POST "https://arc-1-orpin.vercel.app/api/review".
(anonymous) @ index-TqaWaDy8.js:365
Sl @ index-TqaWaDy8.js:365
_c @ index-TqaWaDy8.js:365
await in _c
ko @ index-TqaWaDy8.js:473
23:44:24.924 index-TqaWaDy8.js:365 Fetch finished loading: POST "https://arc-1-orpin.vercel.app/api/files/upload".
_a @ index-TqaWaDy8.js:365
await in _a
h @ index-TqaWaDy8.js:486
pm @ react-C5x9nvks.js:48
(anonymous) @ react-C5x9nvks.js:48
bf @ react-C5x9nvks.js:48
Gc @ react-C5x9nvks.js:48
lo @ react-C5x9nvks.js:49
Bg @ react-C5x9nvks.js:49
23:44:25.143 firebase-hk0j4Ic4.js:2060 Fetch finished loading: POST "https://firestore.googleapis.com/google.firestore.v1.Firestore/Write/channel?VER=8&database=projects%2Fgen-lang-client-0880960511%2Fdatabases%2Fai-studio-2ae3d9c3-70e6-4323-8a95-9d566bd24635&gsessionid=St2IyxGq9_ChhE7LdSATLJzg2N0NtGubZZQ7CS6ucxaqRx0JrzZBfA&SID=dCj0h9I0xIU5Ql7s_VVYFw&RID=54115&AID=10&zx=n7b3fltvjmw3&t=1".
n.send @ firebase-hk0j4Ic4.js:2060
n.ea @ firebase-hk0j4Ic4.js:2062
Cc @ firebase-hk0j4Ic4.js:2059
$s @ firebase-hk0j4Ic4.js:2059
Xc @ firebase-hk0j4Ic4.js:2063
n.Ea @ firebase-hk0j4Ic4.js:2063
y @ firebase-hk0j4Ic4.js:2055
Promise.then
Ee @ firebase-hk0j4Ic4.js:2055
li @ firebase-hk0j4Ic4.js:2063
xe.o @ firebase-hk0j4Ic4.js:2063
Jo @ firebase-hk0j4Ic4.js:3271
send @ firebase-hk0j4Ic4.js:3256
q_ @ firebase-hk0j4Ic4.js:3331
ea @ firebase-hk0j4Ic4.js:3331
Sw @ firebase-hk0j4Ic4.js:3362
Rs @ firebase-hk0j4Ic4.js:3362
await in Rs
zw @ firebase-hk0j4Ic4.js:3440
await in zw
(anonymous) @ firebase-hk0j4Ic4.js:3485
await in (anonymous)
(anonymous) @ firebase-hk0j4Ic4.js:3560
(anonymous) @ firebase-hk0j4Ic4.js:3560
Promise.then
cc @ firebase-hk0j4Ic4.js:3560
enqueue @ firebase-hk0j4Ic4.js:3560
enqueueAndForget @ firebase-hk0j4Ic4.js:3560
ov @ firebase-hk0j4Ic4.js:3485
Xr @ firebase-hk0j4Ic4.js:3771
tR @ firebase-hk0j4Ic4.js:3771
Xs @ index-TqaWaDy8.js:365
ko @ index-TqaWaDy8.js:458
h @ index-TqaWaDy8.js:486
await in h
pm @ react-C5x9nvks.js:48
(anonymous) @ react-C5x9nvks.js:48
bf @ react-C5x9nvks.js:48
Gc @ react-C5x9nvks.js:48
lo @ react-C5x9nvks.js:49
Bg @ react-C5x9nvks.js:49
23:44:25.368 firebase-hk0j4Ic4.js:2060 Fetch finished loading: POST "https://firestore.googleapis.com/google.firestore.v1.Firestore/Listen/channel?VER=8&database=projects%2Fgen-lang-client-0880960511%2Fdatabases%2Fai-studio-2ae3d9c3-70e6-4323-8a95-9d566bd24635&gsessionid=QyqPGquhjcWOGv8uowxbtRto0oDWo6gV5dUAWFLDgskgJNgTq0DfkA&SID=GXWkveTzX8bMcYo8qR8Cxg&RID=36909&AID=211&zx=tf718a4hmbn&t=1".
n.send @ firebase-hk0j4Ic4.js:2060
n.ea @ firebase-hk0j4Ic4.js:2062
Cc @ firebase-hk0j4Ic4.js:2059
$s @ firebase-hk0j4Ic4.js:2059
Xc @ firebase-hk0j4Ic4.js:2063
n.Ea @ firebase-hk0j4Ic4.js:2063
y @ firebase-hk0j4Ic4.js:2055
Promise.then
Ee @ firebase-hk0j4Ic4.js:2055
li @ firebase-hk0j4Ic4.js:2063
xe.o @ firebase-hk0j4Ic4.js:2063
Jo @ firebase-hk0j4Ic4.js:3271
send @ firebase-hk0j4Ic4.js:3256
q_ @ firebase-hk0j4Ic4.js:3331
Z_ @ firebase-hk0j4Ic4.js:3331
Oa @ firebase-hk0j4Ic4.js:3362
gf @ firebase-hk0j4Ic4.js:3362
Af @ firebase-hk0j4Ic4.js:3440
await in Af
Bw @ firebase-hk0j4Ic4.js:3440
Ua @ firebase-hk0j4Ic4.js:3425
(anonymous) @ firebase-hk0j4Ic4.js:3485
(anonymous) @ firebase-hk0j4Ic4.js:3485
await in (anonymous)
(anonymous) @ firebase-hk0j4Ic4.js:3560
(anonymous) @ firebase-hk0j4Ic4.js:3560
Promise.then
cc @ firebase-hk0j4Ic4.js:3560
enqueue @ firebase-hk0j4Ic4.js:3560
enqueueAndForget @ firebase-hk0j4Ic4.js:3560
iv @ firebase-hk0j4Ic4.js:3485
YA @ firebase-hk0j4Ic4.js:3771
n2 @ index-TqaWaDy8.js:365
ko @ index-TqaWaDy8.js:458
await in ko
h @ index-TqaWaDy8.js:486
await in h
pm @ react-C5x9nvks.js:48
(anonymous) @ react-C5x9nvks.js:48
bf @ react-C5x9nvks.js:48
Gc @ react-C5x9nvks.js:48
lo @ react-C5x9nvks.js:49
Bg @ react-C5x9nvks.js:49
23:44:25.587 firebase-hk0j4Ic4.js:2060 Fetch finished loading: POST "https://firestore.googleapis.com/google.firestore.v1.Firestore/Listen/channel?VER=8&database=projects%2Fgen-lang-client-0880960511%2Fdatabases%2Fai-studio-2ae3d9c3-70e6-4323-8a95-9d566bd24635&gsessionid=QyqPGquhjcWOGv8uowxbtRto0oDWo6gV5dUAWFLDgskgJNgTq0DfkA&SID=GXWkveTzX8bMcYo8qR8Cxg&RID=36910&AID=216&zx=iz3sbvwtqz8&t=1".
n.send @ firebase-hk0j4Ic4.js:2060
n.ea @ firebase-hk0j4Ic4.js:2062
Cc @ firebase-hk0j4Ic4.js:2059
$s @ firebase-hk0j4Ic4.js:2059
Xc @ firebase-hk0j4Ic4.js:2063
n.Ea @ firebase-hk0j4Ic4.js:2063
y @ firebase-hk0j4Ic4.js:2055
Promise.then
Ee @ firebase-hk0j4Ic4.js:2055
li @ firebase-hk0j4Ic4.js:2063
xe.o @ firebase-hk0j4Ic4.js:2063
Jo @ firebase-hk0j4Ic4.js:3271
send @ firebase-hk0j4Ic4.js:3256
q_ @ firebase-hk0j4Ic4.js:3331
X_ @ firebase-hk0j4Ic4.js:3331
_f @ firebase-hk0j4Ic4.js:3362
Va @ firebase-hk0j4Ic4.js:3362
(anonymous) @ firebase-hk0j4Ic4.js:3440
Promise.then
$w @ firebase-hk0j4Ic4.js:3440
Ba @ firebase-hk0j4Ic4.js:3425
(anonymous) @ firebase-hk0j4Ic4.js:3485
(anonymous) @ firebase-hk0j4Ic4.js:3560
(anonymous) @ firebase-hk0j4Ic4.js:3560
Promise.then
cc @ firebase-hk0j4Ic4.js:3560
enqueue @ firebase-hk0j4Ic4.js:3560
enqueueAndForget @ firebase-hk0j4Ic4.js:3560
next @ firebase-hk0j4Ic4.js:3485
(anonymous) @ firebase-hk0j4Ic4.js:3470
setTimeout
Ou @ firebase-hk0j4Ic4.js:3470
next @ firebase-hk0j4Ic4.js:3470
ka @ firebase-hk0j4Ic4.js:3425
Fa @ firebase-hk0j4Ic4.js:3425
Ow @ firebase-hk0j4Ic4.js:3425
Gr @ firebase-hk0j4Ic4.js:3440
await in Gr
Rf @ firebase-hk0j4Ic4.js:3440
await in Rf
(anonymous) @ firebase-hk0j4Ic4.js:3362
Aw @ firebase-hk0j4Ic4.js:3362
await in Aw
onNext @ firebase-hk0j4Ic4.js:3331
(anonymous) @ firebase-hk0j4Ic4.js:3331
(anonymous) @ firebase-hk0j4Ic4.js:3331
(anonymous) @ firebase-hk0j4Ic4.js:3560
(anonymous) @ firebase-hk0j4Ic4.js:3560
Promise.then
cc @ firebase-hk0j4Ic4.js:3560
enqueue @ firebase-hk0j4Ic4.js:3560
enqueueAndForget @ firebase-hk0j4Ic4.js:3560
(anonymous) @ firebase-hk0j4Ic4.js:3331
(anonymous) @ firebase-hk0j4Ic4.js:3331
__ @ firebase-hk0j4Ic4.js:3256
(anonymous) @ firebase-hk0j4Ic4.js:3271
(anonymous) @ firebase-hk0j4Ic4.js:3271
ni @ firebase-hk0j4Ic4.js:2055
be @ firebase-hk0j4Ic4.js:2055
En.qa @ firebase-hk0j4Ic4.js:2063
zs @ firebase-hk0j4Ic4.js:2060
wt.Y @ firebase-hk0j4Ic4.js:2059
wt.ba @ firebase-hk0j4Ic4.js:2059
ni @ firebase-hk0j4Ic4.js:2055
be @ firebase-hk0j4Ic4.js:2055
Kc @ firebase-hk0j4Ic4.js:2062
n.Xa @ firebase-hk0j4Ic4.js:2062
n.Ca @ firebase-hk0j4Ic4.js:2062
or @ firebase-hk0j4Ic4.js:2061
n.Ma @ firebase-hk0j4Ic4.js:2060
Promise.then
Hc @ firebase-hk0j4Ic4.js:2060
n.Ma @ firebase-hk0j4Ic4.js:2060
Promise.then
Hc @ firebase-hk0j4Ic4.js:2060
n.Ma @ firebase-hk0j4Ic4.js:2060
Promise.then
Hc @ firebase-hk0j4Ic4.js:2060
n.Pa @ firebase-hk0j4Ic4.js:2060
Promise.then
n.send @ firebase-hk0j4Ic4.js:2060
n.ea @ firebase-hk0j4Ic4.js:2062
Cc @ firebase-hk0j4Ic4.js:2059
tu @ firebase-hk0j4Ic4.js:2063
n.Da @ firebase-hk0j4Ic4.js:2063
y @ firebase-hk0j4Ic4.js:2055
Promise.then
Ee @ firebase-hk0j4Ic4.js:2055
eu @ firebase-hk0j4Ic4.js:2063
nu @ firebase-hk0j4Ic4.js:2063
wt.Y @ firebase-hk0j4Ic4.js:2059
wt.ba @ firebase-hk0j4Ic4.js:2059
ni @ firebase-hk0j4Ic4.js:2055
be @ firebase-hk0j4Ic4.js:2055
Kc @ firebase-hk0j4Ic4.js:2062
n.Xa @ firebase-hk0j4Ic4.js:2062
n.Ca @ firebase-hk0j4Ic4.js:2062
or @ firebase-hk0j4Ic4.js:2061
sr @ firebase-hk0j4Ic4.js:2060
n.Ma @ firebase-hk0j4Ic4.js:2060
Promise.then
Hc @ firebase-hk0j4Ic4.js:2060
n.Ma @ firebase-hk0j4Ic4.js:2060
Promise.then
Hc @ firebase-hk0j4Ic4.js:2060
n.Ma @ firebase-hk0j4Ic4.js:2060
Promise.then
Hc @ firebase-hk0j4Ic4.js:2060
n.Ma @ firebase-hk0j4Ic4.js:2060
Promise.then
Hc @ firebase-hk0j4Ic4.js:2060
n.Ma @ firebase-hk0j4Ic4.js:2060
Promise.then
Hc @ firebase-hk0j4Ic4.js:2060
n.Ma @ firebase-hk0j4Ic4.js:2060
Promise.then
Hc @ firebase-hk0j4Ic4.js:2060
n.Ma @ firebase-hk0j4Ic4.js:2060
Promise.then
Hc @ firebase-hk0j4Ic4.js:2060
n.Ma @ firebase-hk0j4Ic4.js:2060
23:44:25.588 firebase-hk0j4Ic4.js:2060 Fetch finished loading: POST "https://firestore.googleapis.com/google.firestore.v1.Firestore/Listen/channel?VER=8&database=projects%2Fgen-lang-client-0880960511%2Fdatabases%2Fai-studio-2ae3d9c3-70e6-4323-8a95-9d566bd24635&gsessionid=QyqPGquhjcWOGv8uowxbtRto0oDWo6gV5dUAWFLDgskgJNgTq0DfkA&SID=GXWkveTzX8bMcYo8qR8Cxg&RID=36911&AID=216&zx=8uv0t3lp1bzr&t=1".
n.send @ firebase-hk0j4Ic4.js:2060
n.ea @ firebase-hk0j4Ic4.js:2062
Cc @ firebase-hk0j4Ic4.js:2059
$s @ firebase-hk0j4Ic4.js:2059
Xc @ firebase-hk0j4Ic4.js:2063
n.Ea @ firebase-hk0j4Ic4.js:2063
y @ firebase-hk0j4Ic4.js:2055
Promise.then
Ee @ firebase-hk0j4Ic4.js:2055
li @ firebase-hk0j4Ic4.js:2063
xe.o @ firebase-hk0j4Ic4.js:2063
Jo @ firebase-hk0j4Ic4.js:3271
send @ firebase-hk0j4Ic4.js:3256
q_ @ firebase-hk0j4Ic4.js:3331
Z_ @ firebase-hk0j4Ic4.js:3331
Oa @ firebase-hk0j4Ic4.js:3362
gf @ firebase-hk0j4Ic4.js:3362
Af @ firebase-hk0j4Ic4.js:3440
await in Af
Bw @ firebase-hk0j4Ic4.js:3440
Ua @ firebase-hk0j4Ic4.js:3425
(anonymous) @ firebase-hk0j4Ic4.js:3485
(anonymous) @ firebase-hk0j4Ic4.js:3485
await in (anonymous)
(anonymous) @ firebase-hk0j4Ic4.js:3560
(anonymous) @ firebase-hk0j4Ic4.js:3560
Promise.then
cc @ firebase-hk0j4Ic4.js:3560
enqueue @ firebase-hk0j4Ic4.js:3560
enqueueAndForget @ firebase-hk0j4Ic4.js:3560
sv @ firebase-hk0j4Ic4.js:3485
JA @ firebase-hk0j4Ic4.js:3771
Ys @ index-TqaWaDy8.js:458
(anonymous) @ index-TqaWaDy8.js:458
ko @ index-TqaWaDy8.js:458
await in ko
h @ index-TqaWaDy8.js:486
await in h
pm @ react-C5x9nvks.js:48
(anonymous) @ react-C5x9nvks.js:48
bf @ react-C5x9nvks.js:48
Gc @ react-C5x9nvks.js:48
lo @ react-C5x9nvks.js:49
Bg @ react-C5x9nvks.js:49
23:44:25.606 firebase-hk0j4Ic4.js:2060 Fetch finished loading: POST "https://firestore.googleapis.com/google.firestore.v1.Firestore/Listen/channel?VER=8&database=projects%2Fgen-lang-client-0880960511%2Fdatabases%2Fai-studio-2ae3d9c3-70e6-4323-8a95-9d566bd24635&gsessionid=QyqPGquhjcWOGv8uowxbtRto0oDWo6gV5dUAWFLDgskgJNgTq0DfkA&SID=GXWkveTzX8bMcYo8qR8Cxg&RID=36913&AID=216&zx=q340jltlh1jn&t=1".
n.send @ firebase-hk0j4Ic4.js:2060
n.ea @ firebase-hk0j4Ic4.js:2062
Cc @ firebase-hk0j4Ic4.js:2059
$s @ firebase-hk0j4Ic4.js:2059
Xc @ firebase-hk0j4Ic4.js:2063
n.Ea @ firebase-hk0j4Ic4.js:2063
y @ firebase-hk0j4Ic4.js:2055
Promise.then
Ee @ firebase-hk0j4Ic4.js:2055
li @ firebase-hk0j4Ic4.js:2063
xe.o @ firebase-hk0j4Ic4.js:2063
Jo @ firebase-hk0j4Ic4.js:3271
send @ firebase-hk0j4Ic4.js:3256
q_ @ firebase-hk0j4Ic4.js:3331
Z_ @ firebase-hk0j4Ic4.js:3331
Oa @ firebase-hk0j4Ic4.js:3362
gf @ firebase-hk0j4Ic4.js:3362
Af @ firebase-hk0j4Ic4.js:3440
await in Af
Bw @ firebase-hk0j4Ic4.js:3440
Ua @ firebase-hk0j4Ic4.js:3425
(anonymous) @ firebase-hk0j4Ic4.js:3485
(anonymous) @ firebase-hk0j4Ic4.js:3485
await in (anonymous)
(anonymous) @ firebase-hk0j4Ic4.js:3560
(anonymous) @ firebase-hk0j4Ic4.js:3560
Promise.then
cc @ firebase-hk0j4Ic4.js:3560
enqueue @ firebase-hk0j4Ic4.js:3560
enqueueAndForget @ firebase-hk0j4Ic4.js:3560
sv @ firebase-hk0j4Ic4.js:3485
JA @ firebase-hk0j4Ic4.js:3771
Ys @ index-TqaWaDy8.js:458
(anonymous) @ index-TqaWaDy8.js:458
ko @ index-TqaWaDy8.js:458
await in ko
h @ index-TqaWaDy8.js:486
await in h
pm @ react-C5x9nvks.js:48
(anonymous) @ react-C5x9nvks.js:48
bf @ react-C5x9nvks.js:48
Gc @ react-C5x9nvks.js:48
lo @ react-C5x9nvks.js:49
Bg @ react-C5x9nvks.js:49
23:44:25.607 firebase-hk0j4Ic4.js:2060 Fetch finished loading: POST "https://firestore.googleapis.com/google.firestore.v1.Firestore/Listen/channel?VER=8&database=projects%2Fgen-lang-client-0880960511%2Fdatabases%2Fai-studio-2ae3d9c3-70e6-4323-8a95-9d566bd24635&gsessionid=QyqPGquhjcWOGv8uowxbtRto0oDWo6gV5dUAWFLDgskgJNgTq0DfkA&SID=GXWkveTzX8bMcYo8qR8Cxg&RID=36912&AID=216&zx=gvhktc86cln7&t=1".
n.send @ firebase-hk0j4Ic4.js:2060
n.ea @ firebase-hk0j4Ic4.js:2062
Cc @ firebase-hk0j4Ic4.js:2059
$s @ firebase-hk0j4Ic4.js:2059
Xc @ firebase-hk0j4Ic4.js:2063
n.Ea @ firebase-hk0j4Ic4.js:2063
y @ firebase-hk0j4Ic4.js:2055
Promise.then
Ee @ firebase-hk0j4Ic4.js:2055
li @ firebase-hk0j4Ic4.js:2063
xe.o @ firebase-hk0j4Ic4.js:2063
Jo @ firebase-hk0j4Ic4.js:3271
send @ firebase-hk0j4Ic4.js:3256
q_ @ firebase-hk0j4Ic4.js:3331
Z_ @ firebase-hk0j4Ic4.js:3331
Oa @ firebase-hk0j4Ic4.js:3362
gf @ firebase-hk0j4Ic4.js:3362
Af @ firebase-hk0j4Ic4.js:3440
await in Af
Bw @ firebase-hk0j4Ic4.js:3440
Ua @ firebase-hk0j4Ic4.js:3425
(anonymous) @ firebase-hk0j4Ic4.js:3485
(anonymous) @ firebase-hk0j4Ic4.js:3485
await in (anonymous)
(anonymous) @ firebase-hk0j4Ic4.js:3560
(anonymous) @ firebase-hk0j4Ic4.js:3560
Promise.then
cc @ firebase-hk0j4Ic4.js:3560
enqueue @ firebase-hk0j4Ic4.js:3560
enqueueAndForget @ firebase-hk0j4Ic4.js:3560
sv @ firebase-hk0j4Ic4.js:3485
JA @ firebase-hk0j4Ic4.js:3771
Ys @ index-TqaWaDy8.js:458
(anonymous) @ index-TqaWaDy8.js:458
ko @ index-TqaWaDy8.js:458
await in ko
h @ index-TqaWaDy8.js:486
await in h
pm @ react-C5x9nvks.js:48
(anonymous) @ react-C5x9nvks.js:48
bf @ react-C5x9nvks.js:48
Gc @ react-C5x9nvks.js:48
lo @ react-C5x9nvks.js:49
Bg @ react-C5x9nvks.js:49
23:44:25.608 firebase-hk0j4Ic4.js:2060 Fetch finished loading: POST "https://firestore.googleapis.com/google.firestore.v1.Firestore/Listen/channel?VER=8&database=projects%2Fgen-lang-client-0880960511%2Fdatabases%2Fai-studio-2ae3d9c3-70e6-4323-8a95-9d566bd24635&gsessionid=QyqPGquhjcWOGv8uowxbtRto0oDWo6gV5dUAWFLDgskgJNgTq0DfkA&SID=GXWkveTzX8bMcYo8qR8Cxg&RID=36914&AID=216&zx=lc6bhu92hwx6&t=1".
n.send @ firebase-hk0j4Ic4.js:2060
n.ea @ firebase-hk0j4Ic4.js:2062
Cc @ firebase-hk0j4Ic4.js:2059
$s @ firebase-hk0j4Ic4.js:2059
Xc @ firebase-hk0j4Ic4.js:2063
n.Ea @ firebase-hk0j4Ic4.js:2063
y @ firebase-hk0j4Ic4.js:2055
Promise.then
Ee @ firebase-hk0j4Ic4.js:2055
li @ firebase-hk0j4Ic4.js:2063
xe.o @ firebase-hk0j4Ic4.js:2063
Jo @ firebase-hk0j4Ic4.js:3271
send @ firebase-hk0j4Ic4.js:3256
q_ @ firebase-hk0j4Ic4.js:3331
Z_ @ firebase-hk0j4Ic4.js:3331
Oa @ firebase-hk0j4Ic4.js:3362
gf @ firebase-hk0j4Ic4.js:3362
Af @ firebase-hk0j4Ic4.js:3440
await in Af
Bw @ firebase-hk0j4Ic4.js:3440
Ua @ firebase-hk0j4Ic4.js:3425
(anonymous) @ firebase-hk0j4Ic4.js:3485
(anonymous) @ firebase-hk0j4Ic4.js:3485
await in (anonymous)
(anonymous) @ firebase-hk0j4Ic4.js:3560
(anonymous) @ firebase-hk0j4Ic4.js:3560
Promise.then
cc @ firebase-hk0j4Ic4.js:3560
enqueue @ firebase-hk0j4Ic4.js:3560
enqueueAndForget @ firebase-hk0j4Ic4.js:3560
sv @ firebase-hk0j4Ic4.js:3485
JA @ firebase-hk0j4Ic4.js:3771
Ys @ index-TqaWaDy8.js:458
(anonymous) @ index-TqaWaDy8.js:458
ko @ index-TqaWaDy8.js:458
await in ko
h @ index-TqaWaDy8.js:486
await in h
pm @ react-C5x9nvks.js:48
(anonymous) @ react-C5x9nvks.js:48
bf @ react-C5x9nvks.js:48
Gc @ react-C5x9nvks.js:48
lo @ react-C5x9nvks.js:49
Bg @ react-C5x9nvks.js:49
23:44:25.609 firebase-hk0j4Ic4.js:2060 Fetch finished loading: POST "https://firestore.googleapis.com/google.firestore.v1.Firestore/Listen/channel?VER=8&database=projects%2Fgen-lang-client-0880960511%2Fdatabases%2Fai-studio-2ae3d9c3-70e6-4323-8a95-9d566bd24635&gsessionid=QyqPGquhjcWOGv8uowxbtRto0oDWo6gV5dUAWFLDgskgJNgTq0DfkA&SID=GXWkveTzX8bMcYo8qR8Cxg&RID=36915&AID=216&zx=g0baotwp2avb&t=1".
n.send @ firebase-hk0j4Ic4.js:2060
n.ea @ firebase-hk0j4Ic4.js:2062
Cc @ firebase-hk0j4Ic4.js:2059
$s @ firebase-hk0j4Ic4.js:2059
Xc @ firebase-hk0j4Ic4.js:2063
n.Ea @ firebase-hk0j4Ic4.js:2063
y @ firebase-hk0j4Ic4.js:2055
Promise.then
Ee @ firebase-hk0j4Ic4.js:2055
li @ firebase-hk0j4Ic4.js:2063
xe.o @ firebase-hk0j4Ic4.js:2063
Jo @ firebase-hk0j4Ic4.js:3271
send @ firebase-hk0j4Ic4.js:3256
q_ @ firebase-hk0j4Ic4.js:3331
Z_ @ firebase-hk0j4Ic4.js:3331
Oa @ firebase-hk0j4Ic4.js:3362
gf @ firebase-hk0j4Ic4.js:3362
Af @ firebase-hk0j4Ic4.js:3440
await in Af
Bw @ firebase-hk0j4Ic4.js:3440
Ua @ firebase-hk0j4Ic4.js:3425
(anonymous) @ firebase-hk0j4Ic4.js:3485
(anonymous) @ firebase-hk0j4Ic4.js:3485
await in (anonymous)
(anonymous) @ firebase-hk0j4Ic4.js:3560
(anonymous) @ firebase-hk0j4Ic4.js:3560
Promise.then
cc @ firebase-hk0j4Ic4.js:3560
enqueue @ firebase-hk0j4Ic4.js:3560
enqueueAndForget @ firebase-hk0j4Ic4.js:3560
sv @ firebase-hk0j4Ic4.js:3485
JA @ firebase-hk0j4Ic4.js:3771
Ys @ index-TqaWaDy8.js:458
(anonymous) @ index-TqaWaDy8.js:458
ko @ index-TqaWaDy8.js:458
await in ko
h @ index-TqaWaDy8.js:486
await in h
pm @ react-C5x9nvks.js:48
(anonymous) @ react-C5x9nvks.js:48
bf @ react-C5x9nvks.js:48
Gc @ react-C5x9nvks.js:48
lo @ react-C5x9nvks.js:49
Bg @ react-C5x9nvks.js:49
23:44:25.626 firebase-hk0j4Ic4.js:2060 Fetch finished loading: POST "https://firestore.googleapis.com/google.firestore.v1.Firestore/Listen/channel?VER=8&database=projects%2Fgen-lang-client-0880960511%2Fdatabases%2Fai-studio-2ae3d9c3-70e6-4323-8a95-9d566bd24635&gsessionid=QyqPGquhjcWOGv8uowxbtRto0oDWo6gV5dUAWFLDgskgJNgTq0DfkA&SID=GXWkveTzX8bMcYo8qR8Cxg&RID=36916&AID=216&zx=boiphk6w8of7&t=1".
n.send @ firebase-hk0j4Ic4.js:2060
n.ea @ firebase-hk0j4Ic4.js:2062
Cc @ firebase-hk0j4Ic4.js:2059
$s @ firebase-hk0j4Ic4.js:2059
Xc @ firebase-hk0j4Ic4.js:2063
n.Ea @ firebase-hk0j4Ic4.js:2063
y @ firebase-hk0j4Ic4.js:2055
Promise.then
Ee @ firebase-hk0j4Ic4.js:2055
li @ firebase-hk0j4Ic4.js:2063
xe.o @ firebase-hk0j4Ic4.js:2063
Jo @ firebase-hk0j4Ic4.js:3271
send @ firebase-hk0j4Ic4.js:3256
q_ @ firebase-hk0j4Ic4.js:3331
Z_ @ firebase-hk0j4Ic4.js:3331
Oa @ firebase-hk0j4Ic4.js:3362
gf @ firebase-hk0j4Ic4.js:3362
Af @ firebase-hk0j4Ic4.js:3440
await in Af
Bw @ firebase-hk0j4Ic4.js:3440
Ua @ firebase-hk0j4Ic4.js:3425
(anonymous) @ firebase-hk0j4Ic4.js:3485
(anonymous) @ firebase-hk0j4Ic4.js:3485
await in (anonymous)
(anonymous) @ firebase-hk0j4Ic4.js:3560
(anonymous) @ firebase-hk0j4Ic4.js:3560
Promise.then
cc @ firebase-hk0j4Ic4.js:3560
enqueue @ firebase-hk0j4Ic4.js:3560
enqueueAndForget @ firebase-hk0j4Ic4.js:3560
sv @ firebase-hk0j4Ic4.js:3485
JA @ firebase-hk0j4Ic4.js:3771
Ys @ index-TqaWaDy8.js:458
(anonymous) @ index-TqaWaDy8.js:458
ko @ index-TqaWaDy8.js:458
await in ko
h @ index-TqaWaDy8.js:486
await in h
pm @ react-C5x9nvks.js:48
(anonymous) @ react-C5x9nvks.js:48
bf @ react-C5x9nvks.js:48
Gc @ react-C5x9nvks.js:48
lo @ react-C5x9nvks.js:49
Bg @ react-C5x9nvks.js:49
23:44:25.936 firebase-hk0j4Ic4.js:2060 Fetch finished loading: POST "https://firestore.googleapis.com/google.firestore.v1.Firestore/Write/channel?VER=8&database=projects%2Fgen-lang-client-0880960511%2Fdatabases%2Fai-studio-2ae3d9c3-70e6-4323-8a95-9d566bd24635&gsessionid=St2IyxGq9_ChhE7LdSATLJzg2N0NtGubZZQ7CS6ucxaqRx0JrzZBfA&SID=dCj0h9I0xIU5Ql7s_VVYFw&RID=54116&AID=12&zx=b88rwa84udol&t=1".
n.send @ firebase-hk0j4Ic4.js:2060
n.ea @ firebase-hk0j4Ic4.js:2062
Cc @ firebase-hk0j4Ic4.js:2059
$s @ firebase-hk0j4Ic4.js:2059
Xc @ firebase-hk0j4Ic4.js:2063
n.Ea @ firebase-hk0j4Ic4.js:2063
y @ firebase-hk0j4Ic4.js:2055
Promise.then
Ee @ firebase-hk0j4Ic4.js:2055
li @ firebase-hk0j4Ic4.js:2063
xe.o @ firebase-hk0j4Ic4.js:2063
Jo @ firebase-hk0j4Ic4.js:3271
send @ firebase-hk0j4Ic4.js:3256
q_ @ firebase-hk0j4Ic4.js:3331
ea @ firebase-hk0j4Ic4.js:3331
Sw @ firebase-hk0j4Ic4.js:3362
Rs @ firebase-hk0j4Ic4.js:3362
await in Rs
zw @ firebase-hk0j4Ic4.js:3440
await in zw
(anonymous) @ firebase-hk0j4Ic4.js:3485
await in (anonymous)
(anonymous) @ firebase-hk0j4Ic4.js:3560
(anonymous) @ firebase-hk0j4Ic4.js:3560
Promise.then
cc @ firebase-hk0j4Ic4.js:3560
enqueue @ firebase-hk0j4Ic4.js:3560
enqueueAndForget @ firebase-hk0j4Ic4.js:3560
ov @ firebase-hk0j4Ic4.js:3485
Xr @ firebase-hk0j4Ic4.js:3771
ZA @ firebase-hk0j4Ic4.js:3771
Ys @ index-TqaWaDy8.js:458
await in Ys
(anonymous) @ index-TqaWaDy8.js:458
ko @ index-TqaWaDy8.js:458
await in ko
h @ index-TqaWaDy8.js:486
await in h
pm @ react-C5x9nvks.js:48
(anonymous) @ react-C5x9nvks.js:48
bf @ react-C5x9nvks.js:48
Gc @ react-C5x9nvks.js:48
lo @ react-C5x9nvks.js:49
Bg @ react-C5x9nvks.js:49
23:44:25.941 firebase-hk0j4Ic4.js:2060 Fetch finished loading: POST "https://firestore.googleapis.com/google.firestore.v1.Firestore/Listen/channel?VER=8&database=projects%2Fgen-lang-client-0880960511%2Fdatabases%2Fai-studio-2ae3d9c3-70e6-4323-8a95-9d566bd24635&gsessionid=QyqPGquhjcWOGv8uowxbtRto0oDWo6gV5dUAWFLDgskgJNgTq0DfkA&SID=GXWkveTzX8bMcYo8qR8Cxg&RID=36918&AID=248&zx=z3cbi78cgzki&t=1".
n.send @ firebase-hk0j4Ic4.js:2060
n.ea @ firebase-hk0j4Ic4.js:2062
Cc @ firebase-hk0j4Ic4.js:2059
$s @ firebase-hk0j4Ic4.js:2059
Xc @ firebase-hk0j4Ic4.js:2063
n.Ea @ firebase-hk0j4Ic4.js:2063
y @ firebase-hk0j4Ic4.js:2055
Promise.then
Ee @ firebase-hk0j4Ic4.js:2055
li @ firebase-hk0j4Ic4.js:2063
xe.o @ firebase-hk0j4Ic4.js:2063
Jo @ firebase-hk0j4Ic4.js:3271
send @ firebase-hk0j4Ic4.js:3256
q_ @ firebase-hk0j4Ic4.js:3331
X_ @ firebase-hk0j4Ic4.js:3331
_f @ firebase-hk0j4Ic4.js:3362
Va @ firebase-hk0j4Ic4.js:3362
(anonymous) @ firebase-hk0j4Ic4.js:3440
Promise.then
$w @ firebase-hk0j4Ic4.js:3440
Ba @ firebase-hk0j4Ic4.js:3425
(anonymous) @ firebase-hk0j4Ic4.js:3485
(anonymous) @ firebase-hk0j4Ic4.js:3560
(anonymous) @ firebase-hk0j4Ic4.js:3560
Promise.then
cc @ firebase-hk0j4Ic4.js:3560
enqueue @ firebase-hk0j4Ic4.js:3560
enqueueAndForget @ firebase-hk0j4Ic4.js:3560
next @ firebase-hk0j4Ic4.js:3485
(anonymous) @ firebase-hk0j4Ic4.js:3470
setTimeout
Ou @ firebase-hk0j4Ic4.js:3470
next @ firebase-hk0j4Ic4.js:3470
ka @ firebase-hk0j4Ic4.js:3425
Fa @ firebase-hk0j4Ic4.js:3425
Ow @ firebase-hk0j4Ic4.js:3425
Gr @ firebase-hk0j4Ic4.js:3440
await in Gr
Rf @ firebase-hk0j4Ic4.js:3440
await in Rf
(anonymous) @ firebase-hk0j4Ic4.js:3362
Aw @ firebase-hk0j4Ic4.js:3362
await in Aw
onNext @ firebase-hk0j4Ic4.js:3331
(anonymous) @ firebase-hk0j4Ic4.js:3331
(anonymous) @ firebase-hk0j4Ic4.js:3331
(anonymous) @ firebase-hk0j4Ic4.js:3560
(anonymous) @ firebase-hk0j4Ic4.js:3560
Promise.then
cc @ firebase-hk0j4Ic4.js:3560
enqueue @ firebase-hk0j4Ic4.js:3560
enqueueAndForget @ firebase-hk0j4Ic4.js:3560
(anonymous) @ firebase-hk0j4Ic4.js:3331
(anonymous) @ firebase-hk0j4Ic4.js:3331
__ @ firebase-hk0j4Ic4.js:3256
(anonymous) @ firebase-hk0j4Ic4.js:3271
(anonymous) @ firebase-hk0j4Ic4.js:3271
ni @ firebase-hk0j4Ic4.js:2055
be @ firebase-hk0j4Ic4.js:2055
En.qa @ firebase-hk0j4Ic4.js:2063
zs @ firebase-hk0j4Ic4.js:2060
wt.Y @ firebase-hk0j4Ic4.js:2059
wt.ba @ firebase-hk0j4Ic4.js:2059
ni @ firebase-hk0j4Ic4.js:2055
be @ firebase-hk0j4Ic4.js:2055
Kc @ firebase-hk0j4Ic4.js:2062
n.Xa @ firebase-hk0j4Ic4.js:2062
n.Ca @ firebase-hk0j4Ic4.js:2062
or @ firebase-hk0j4Ic4.js:2061
n.Ma @ firebase-hk0j4Ic4.js:2060
Promise.then
Hc @ firebase-hk0j4Ic4.js:2060
n.Ma @ firebase-hk0j4Ic4.js:2060
Promise.then
Hc @ firebase-hk0j4Ic4.js:2060
n.Ma @ firebase-hk0j4Ic4.js:2060
Promise.then
Hc @ firebase-hk0j4Ic4.js:2060
n.Ma @ firebase-hk0j4Ic4.js:2060
Promise.then
Hc @ firebase-hk0j4Ic4.js:2060
n.Ma @ firebase-hk0j4Ic4.js:2060
Promise.then
Hc @ firebase-hk0j4Ic4.js:2060
n.Ma @ firebase-hk0j4Ic4.js:2060
Promise.then
Hc @ firebase-hk0j4Ic4.js:2060
n.Ma @ firebase-hk0j4Ic4.js:2060
Promise.then
Hc @ firebase-hk0j4Ic4.js:2060
n.Ma @ firebase-hk0j4Ic4.js:2060
Promise.then
Hc @ firebase-hk0j4Ic4.js:2060
n.Ma @ firebase-hk0j4Ic4.js:2060
Promise.then
Hc @ firebase-hk0j4Ic4.js:2060
n.Ma @ firebase-hk0j4Ic4.js:2060
Promise.then
Hc @ firebase-hk0j4Ic4.js:2060
n.Ma @ firebase-hk0j4Ic4.js:2060
Promise.then
Hc @ firebase-hk0j4Ic4.js:2060
n.Ma @ firebase-hk0j4Ic4.js:2060
Promise.then
Hc @ firebase-hk0j4Ic4.js:2060
n.Ma @ firebase-hk0j4Ic4.js:2060
Promise.then
Hc @ firebase-hk0j4Ic4.js:2060
n.Ma @ firebase-hk0j4Ic4.js:2060
Promise.then
Hc @ firebase-hk0j4Ic4.js:2060
n.Pa @ firebase-hk0j4Ic4.js:2060
Promise.then
n.send @ firebase-hk0j4Ic4.js:2060
n.ea @ firebase-hk0j4Ic4.js:2062
Cc @ firebase-hk0j4Ic4.js:2059
tu @ firebase-hk0j4Ic4.js:2063
n.Da @ firebase-hk0j4Ic4.js:2063
y @ firebase-hk0j4Ic4.js:2055
Promise.then
Ee @ firebase-hk0j4Ic4.js:2055
eu @ firebase-hk0j4Ic4.js:2063
nu @ firebase-hk0j4Ic4.js:2063
wt.Y @ firebase-hk0j4Ic4.js:2059
wt.ba @ firebase-hk0j4Ic4.js:2059
ni @ firebase-hk0j4Ic4.js:2055
be @ firebase-hk0j4Ic4.js:2055
Kc @ firebase-hk0j4Ic4.js:2062
n.Xa @ firebase-hk0j4Ic4.js:2062
n.Ca @ firebase-hk0j4Ic4.js:2062
or @ firebase-hk0j4Ic4.js:2061
sr @ firebase-hk0j4Ic4.js:2060
n.Ma @ firebase-hk0j4Ic4.js:2060
Promise.then
Hc @ firebase-hk0j4Ic4.js:2060
n.Ma @ firebase-hk0j4Ic4.js:2060
Promise.then
Hc @ firebase-hk0j4Ic4.js:2060
n.Ma @ firebase-hk0j4Ic4.js:2060
Promise.then
Hc @ firebase-hk0j4Ic4.js:2060
n.Ma @ firebase-hk0j4Ic4.js:2060
Promise.then
Hc @ firebase-hk0j4Ic4.js:2060
n.Ma @ firebase-hk0j4Ic4.js:2060
Promise.then
Hc @ firebase-hk0j4Ic4.js:2060
n.Ma @ firebase-hk0j4Ic4.js:2060
Promise.then
Hc @ firebase-hk0j4Ic4.js:2060
n.Ma @ firebase-hk0j4Ic4.js:2060
Promise.then
Hc @ firebase-hk0j4Ic4.js:2060
n.Ma @ firebase-hk0j4Ic4.js:2060
23:44:25.942  Fetch finished loading: POST "https://firestore.googleapis.com/google.firestore.v1.Firestore/Listen/channel?VER=8&database=projects%2Fgen-lang-client-0880960511%2Fdatabases%2Fai-studio-2ae3d9c3-70e6-4323-8a95-9d566bd24635&gsessionid=QyqPGquhjcWOGv8uowxbtRto0oDWo6gV5dUAWFLDgskgJNgTq0DfkA&SID=GXWkveTzX8bMcYo8qR8Cxg&RID=36917&AID=248&zx=kg7qu8bu41gc&t=1".
n.send @ firebase-hk0j4Ic4.js:2060
n.ea @ firebase-hk0j4Ic4.js:2062
Cc @ firebase-hk0j4Ic4.js:2059
$s @ firebase-hk0j4Ic4.js:2059
Xc @ firebase-hk0j4Ic4.js:2063
n.Ea @ firebase-hk0j4Ic4.js:2063
y @ firebase-hk0j4Ic4.js:2055
Promise.then
Ee @ firebase-hk0j4Ic4.js:2055
li @ firebase-hk0j4Ic4.js:2063
xe.o @ firebase-hk0j4Ic4.js:2063
Jo @ firebase-hk0j4Ic4.js:3271
send @ firebase-hk0j4Ic4.js:3256
q_ @ firebase-hk0j4Ic4.js:3331
X_ @ firebase-hk0j4Ic4.js:3331
_f @ firebase-hk0j4Ic4.js:3362
Va @ firebase-hk0j4Ic4.js:3362
(anonymous) @ firebase-hk0j4Ic4.js:3440
Promise.then
$w @ firebase-hk0j4Ic4.js:3440
Ba @ firebase-hk0j4Ic4.js:3425
(anonymous) @ firebase-hk0j4Ic4.js:3485
(anonymous) @ firebase-hk0j4Ic4.js:3560
(anonymous) @ firebase-hk0j4Ic4.js:3560
Promise.then
cc @ firebase-hk0j4Ic4.js:3560
enqueue @ firebase-hk0j4Ic4.js:3560
enqueueAndForget @ firebase-hk0j4Ic4.js:3560
next @ firebase-hk0j4Ic4.js:3485
(anonymous) @ firebase-hk0j4Ic4.js:3470
setTimeout
Ou @ firebase-hk0j4Ic4.js:3470
next @ firebase-hk0j4Ic4.js:3470
ka @ firebase-hk0j4Ic4.js:3425
Fa @ firebase-hk0j4Ic4.js:3425
Ow @ firebase-hk0j4Ic4.js:3425
Gr @ firebase-hk0j4Ic4.js:3440
await in Gr
Rf @ firebase-hk0j4Ic4.js:3440
await in Rf
(anonymous) @ firebase-hk0j4Ic4.js:3362
Aw @ firebase-hk0j4Ic4.js:3362
await in Aw
onNext @ firebase-hk0j4Ic4.js:3331
(anonymous) @ firebase-hk0j4Ic4.js:3331
(anonymous) @ firebase-hk0j4Ic4.js:3331
(anonymous) @ firebase-hk0j4Ic4.js:3560
(anonymous) @ firebase-hk0j4Ic4.js:3560
Promise.then
cc @ firebase-hk0j4Ic4.js:3560
enqueue @ firebase-hk0j4Ic4.js:3560
enqueueAndForget @ firebase-hk0j4Ic4.js:3560
(anonymous) @ firebase-hk0j4Ic4.js:3331
(anonymous) @ firebase-hk0j4Ic4.js:3331
__ @ firebase-hk0j4Ic4.js:3256
(anonymous) @ firebase-hk0j4Ic4.js:3271
(anonymous) @ firebase-hk0j4Ic4.js:3271
ni @ firebase-hk0j4Ic4.js:2055
be @ firebase-hk0j4Ic4.js:2055
En.qa @ firebase-hk0j4Ic4.js:2063
zs @ firebase-hk0j4Ic4.js:2060
wt.Y @ firebase-hk0j4Ic4.js:2059
wt.ba @ firebase-hk0j4Ic4.js:2059
ni @ firebase-hk0j4Ic4.js:2055
be @ firebase-hk0j4Ic4.js:2055
Kc @ firebase-hk0j4Ic4.js:2062
n.Xa @ firebase-hk0j4Ic4.js:2062
n.Ca @ firebase-hk0j4Ic4.js:2062
or @ firebase-hk0j4Ic4.js:2061
n.Ma @ firebase-hk0j4Ic4.js:2060
Promise.then
Hc @ firebase-hk0j4Ic4.js:2060
n.Ma @ firebase-hk0j4Ic4.js:2060
Promise.then
Hc @ firebase-hk0j4Ic4.js:2060
n.Ma @ firebase-hk0j4Ic4.js:2060
Promise.then
Hc @ firebase-hk0j4Ic4.js:2060
n.Ma @ firebase-hk0j4Ic4.js:2060
Promise.then
Hc @ firebase-hk0j4Ic4.js:2060
n.Ma @ firebase-hk0j4Ic4.js:2060
Promise.then
Hc @ firebase-hk0j4Ic4.js:2060
n.Ma @ firebase-hk0j4Ic4.js:2060
Promise.then
Hc @ firebase-hk0j4Ic4.js:2060
n.Ma @ firebase-hk0j4Ic4.js:2060
Promise.then
Hc @ firebase-hk0j4Ic4.js:2060
n.Ma @ firebase-hk0j4Ic4.js:2060
Promise.then
Hc @ firebase-hk0j4Ic4.js:2060
n.Ma @ firebase-hk0j4Ic4.js:2060
Promise.then
Hc @ firebase-hk0j4Ic4.js:2060
n.Ma @ firebase-hk0j4Ic4.js:2060
Promise.then
Hc @ firebase-hk0j4Ic4.js:2060
n.Ma @ firebase-hk0j4Ic4.js:2060
Promise.then
Hc @ firebase-hk0j4Ic4.js:2060
n.Ma @ firebase-hk0j4Ic4.js:2060
Promise.then
Hc @ firebase-hk0j4Ic4.js:2060
n.Ma @ firebase-hk0j4Ic4.js:2060
Promise.then
Hc @ firebase-hk0j4Ic4.js:2060
n.Ma @ firebase-hk0j4Ic4.js:2060
Promise.then
Hc @ firebase-hk0j4Ic4.js:2060
n.Pa @ firebase-hk0j4Ic4.js:2060
Promise.then
n.send @ firebase-hk0j4Ic4.js:2060
n.ea @ firebase-hk0j4Ic4.js:2062
Cc @ firebase-hk0j4Ic4.js:2059
tu @ firebase-hk0j4Ic4.js:2063
n.Da @ firebase-hk0j4Ic4.js:2063
y @ firebase-hk0j4Ic4.js:2055
Promise.then
Ee @ firebase-hk0j4Ic4.js:2055
eu @ firebase-hk0j4Ic4.js:2063
nu @ firebase-hk0j4Ic4.js:2063
wt.Y @ firebase-hk0j4Ic4.js:2059
wt.ba @ firebase-hk0j4Ic4.js:2059
ni @ firebase-hk0j4Ic4.js:2055
be @ firebase-hk0j4Ic4.js:2055
Kc @ firebase-hk0j4Ic4.js:2062
n.Xa @ firebase-hk0j4Ic4.js:2062
n.Ca @ firebase-hk0j4Ic4.js:2062
or @ firebase-hk0j4Ic4.js:2061
sr @ firebase-hk0j4Ic4.js:2060
n.Ma @ firebase-hk0j4Ic4.js:2060
Promise.then
Hc @ firebase-hk0j4Ic4.js:2060
n.Ma @ firebase-hk0j4Ic4.js:2060
Promise.then
Hc @ firebase-hk0j4Ic4.js:2060
n.Ma @ firebase-hk0j4Ic4.js:2060
Promise.then
Hc @ firebase-hk0j4Ic4.js:2060
n.Ma @ firebase-hk0j4Ic4.js:2060
Promise.then
Hc @ firebase-hk0j4Ic4.js:2060
n.Ma @ firebase-hk0j4Ic4.js:2060
Promise.then
Hc @ firebase-hk0j4Ic4.js:2060
n.Ma @ firebase-hk0j4Ic4.js:2060
Promise.then
Hc @ firebase-hk0j4Ic4.js:2060
n.Ma @ firebase-hk0j4Ic4.js:2060
Promise.then
Hc @ firebase-hk0j4Ic4.js:2060
n.Ma @ firebase-hk0j4Ic4.js:2060
23:44:25.946  Fetch finished loading: POST "https://firestore.googleapis.com/google.firestore.v1.Firestore/Write/channel?VER=8&database=projects%2Fgen-lang-client-0880960511%2Fdatabases%2Fai-studio-2ae3d9c3-70e6-4323-8a95-9d566bd24635&gsessionid=St2IyxGq9_ChhE7LdSATLJzg2N0NtGubZZQ7CS6ucxaqRx0JrzZBfA&SID=dCj0h9I0xIU5Ql7s_VVYFw&RID=54118&AID=12&zx=kq7af9uh9fja&t=1".
n.send @ firebase-hk0j4Ic4.js:2060
n.ea @ firebase-hk0j4Ic4.js:2062
Cc @ firebase-hk0j4Ic4.js:2059
$s @ firebase-hk0j4Ic4.js:2059
Xc @ firebase-hk0j4Ic4.js:2063
n.Ea @ firebase-hk0j4Ic4.js:2063
y @ firebase-hk0j4Ic4.js:2055
Promise.then
Ee @ firebase-hk0j4Ic4.js:2055
li @ firebase-hk0j4Ic4.js:2063
xe.o @ firebase-hk0j4Ic4.js:2063
Jo @ firebase-hk0j4Ic4.js:3271
send @ firebase-hk0j4Ic4.js:3256
q_ @ firebase-hk0j4Ic4.js:3331
ea @ firebase-hk0j4Ic4.js:3331
Sw @ firebase-hk0j4Ic4.js:3362
Rs @ firebase-hk0j4Ic4.js:3362
await in Rs
zw @ firebase-hk0j4Ic4.js:3440
await in zw
(anonymous) @ firebase-hk0j4Ic4.js:3485
await in (anonymous)
(anonymous) @ firebase-hk0j4Ic4.js:3560
(anonymous) @ firebase-hk0j4Ic4.js:3560
Promise.then
cc @ firebase-hk0j4Ic4.js:3560
enqueue @ firebase-hk0j4Ic4.js:3560
enqueueAndForget @ firebase-hk0j4Ic4.js:3560
ov @ firebase-hk0j4Ic4.js:3485
Xr @ firebase-hk0j4Ic4.js:3771
ZA @ firebase-hk0j4Ic4.js:3771
Ys @ index-TqaWaDy8.js:458
await in Ys
(anonymous) @ index-TqaWaDy8.js:458
ko @ index-TqaWaDy8.js:458
await in ko
h @ index-TqaWaDy8.js:486
await in h
pm @ react-C5x9nvks.js:48
(anonymous) @ react-C5x9nvks.js:48
bf @ react-C5x9nvks.js:48
Gc @ react-C5x9nvks.js:48
lo @ react-C5x9nvks.js:49
Bg @ react-C5x9nvks.js:49
23:44:25.947  Fetch finished loading: POST "https://firestore.googleapis.com/google.firestore.v1.Firestore/Write/channel?VER=8&database=projects%2Fgen-lang-client-0880960511%2Fdatabases%2Fai-studio-2ae3d9c3-70e6-4323-8a95-9d566bd24635&gsessionid=St2IyxGq9_ChhE7LdSATLJzg2N0NtGubZZQ7CS6ucxaqRx0JrzZBfA&SID=dCj0h9I0xIU5Ql7s_VVYFw&RID=54117&AID=12&zx=nfpxlnd16sbx&t=1".
n.send @ firebase-hk0j4Ic4.js:2060
n.ea @ firebase-hk0j4Ic4.js:2062
Cc @ firebase-hk0j4Ic4.js:2059
$s @ firebase-hk0j4Ic4.js:2059
Xc @ firebase-hk0j4Ic4.js:2063
n.Ea @ firebase-hk0j4Ic4.js:2063
y @ firebase-hk0j4Ic4.js:2055
Promise.then
Ee @ firebase-hk0j4Ic4.js:2055
li @ firebase-hk0j4Ic4.js:2063
xe.o @ firebase-hk0j4Ic4.js:2063
Jo @ firebase-hk0j4Ic4.js:3271
send @ firebase-hk0j4Ic4.js:3256
q_ @ firebase-hk0j4Ic4.js:3331
ea @ firebase-hk0j4Ic4.js:3331
Sw @ firebase-hk0j4Ic4.js:3362
Rs @ firebase-hk0j4Ic4.js:3362
await in Rs
zw @ firebase-hk0j4Ic4.js:3440
await in zw
(anonymous) @ firebase-hk0j4Ic4.js:3485
await in (anonymous)
(anonymous) @ firebase-hk0j4Ic4.js:3560
(anonymous) @ firebase-hk0j4Ic4.js:3560
Promise.then
cc @ firebase-hk0j4Ic4.js:3560
enqueue @ firebase-hk0j4Ic4.js:3560
enqueueAndForget @ firebase-hk0j4Ic4.js:3560
ov @ firebase-hk0j4Ic4.js:3485
Xr @ firebase-hk0j4Ic4.js:3771
ZA @ firebase-hk0j4Ic4.js:3771
Ys @ index-TqaWaDy8.js:458
await in Ys
(anonymous) @ index-TqaWaDy8.js:458
ko @ index-TqaWaDy8.js:458
await in ko
h @ index-TqaWaDy8.js:486
await in h
pm @ react-C5x9nvks.js:48
(anonymous) @ react-C5x9nvks.js:48
bf @ react-C5x9nvks.js:48
Gc @ react-C5x9nvks.js:48
lo @ react-C5x9nvks.js:49
Bg @ react-C5x9nvks.js:49
23:44:25.976  Fetch finished loading: POST "https://firestore.googleapis.com/google.firestore.v1.Firestore/Listen/channel?VER=8&database=projects%2Fgen-lang-client-0880960511%2Fdatabases%2Fai-studio-2ae3d9c3-70e6-4323-8a95-9d566bd24635&gsessionid=QyqPGquhjcWOGv8uowxbtRto0oDWo6gV5dUAWFLDgskgJNgTq0DfkA&SID=GXWkveTzX8bMcYo8qR8Cxg&RID=36919&AID=248&zx=xd8t3tstnvqr&t=1".
n.send @ firebase-hk0j4Ic4.js:2060
n.ea @ firebase-hk0j4Ic4.js:2062
Cc @ firebase-hk0j4Ic4.js:2059
$s @ firebase-hk0j4Ic4.js:2059
Xc @ firebase-hk0j4Ic4.js:2063
n.Ea @ firebase-hk0j4Ic4.js:2063
y @ firebase-hk0j4Ic4.js:2055
Promise.then
Ee @ firebase-hk0j4Ic4.js:2055
li @ firebase-hk0j4Ic4.js:2063
xe.o @ firebase-hk0j4Ic4.js:2063
Jo @ firebase-hk0j4Ic4.js:3271
send @ firebase-hk0j4Ic4.js:3256
q_ @ firebase-hk0j4Ic4.js:3331
X_ @ firebase-hk0j4Ic4.js:3331
_f @ firebase-hk0j4Ic4.js:3362
Va @ firebase-hk0j4Ic4.js:3362
(anonymous) @ firebase-hk0j4Ic4.js:3440
Promise.then
$w @ firebase-hk0j4Ic4.js:3440
Ba @ firebase-hk0j4Ic4.js:3425
(anonymous) @ firebase-hk0j4Ic4.js:3485
(anonymous) @ firebase-hk0j4Ic4.js:3560
(anonymous) @ firebase-hk0j4Ic4.js:3560
Promise.then
cc @ firebase-hk0j4Ic4.js:3560
enqueue @ firebase-hk0j4Ic4.js:3560
enqueueAndForget @ firebase-hk0j4Ic4.js:3560
next @ firebase-hk0j4Ic4.js:3485
(anonymous) @ firebase-hk0j4Ic4.js:3470
setTimeout
Ou @ firebase-hk0j4Ic4.js:3470
next @ firebase-hk0j4Ic4.js:3470
ka @ firebase-hk0j4Ic4.js:3425
Fa @ firebase-hk0j4Ic4.js:3425
Ow @ firebase-hk0j4Ic4.js:3425
Gr @ firebase-hk0j4Ic4.js:3440
await in Gr
Rf @ firebase-hk0j4Ic4.js:3440
await in Rf
(anonymous) @ firebase-hk0j4Ic4.js:3362
Aw @ firebase-hk0j4Ic4.js:3362
await in Aw
onNext @ firebase-hk0j4Ic4.js:3331
(anonymous) @ firebase-hk0j4Ic4.js:3331
(anonymous) @ firebase-hk0j4Ic4.js:3331
(anonymous) @ firebase-hk0j4Ic4.js:3560
(anonymous) @ firebase-hk0j4Ic4.js:3560
Promise.then
cc @ firebase-hk0j4Ic4.js:3560
enqueue @ firebase-hk0j4Ic4.js:3560
enqueueAndForget @ firebase-hk0j4Ic4.js:3560
(anonymous) @ firebase-hk0j4Ic4.js:3331
(anonymous) @ firebase-hk0j4Ic4.js:3331
__ @ firebase-hk0j4Ic4.js:3256
(anonymous) @ firebase-hk0j4Ic4.js:3271
(anonymous) @ firebase-hk0j4Ic4.js:3271
ni @ firebase-hk0j4Ic4.js:2055
be @ firebase-hk0j4Ic4.js:2055
En.qa @ firebase-hk0j4Ic4.js:2063
zs @ firebase-hk0j4Ic4.js:2060
wt.Y @ firebase-hk0j4Ic4.js:2059
wt.ba @ firebase-hk0j4Ic4.js:2059
ni @ firebase-hk0j4Ic4.js:2055
be @ firebase-hk0j4Ic4.js:2055
Kc @ firebase-hk0j4Ic4.js:2062
n.Xa @ firebase-hk0j4Ic4.js:2062
n.Ca @ firebase-hk0j4Ic4.js:2062
or @ firebase-hk0j4Ic4.js:2061
n.Ma @ firebase-hk0j4Ic4.js:2060
Promise.then
Hc @ firebase-hk0j4Ic4.js:2060
n.Ma @ firebase-hk0j4Ic4.js:2060
Promise.then
Hc @ firebase-hk0j4Ic4.js:2060
n.Ma @ firebase-hk0j4Ic4.js:2060
Promise.then
Hc @ firebase-hk0j4Ic4.js:2060
n.Ma @ firebase-hk0j4Ic4.js:2060
Promise.then
Hc @ firebase-hk0j4Ic4.js:2060
n.Ma @ firebase-hk0j4Ic4.js:2060
Promise.then
Hc @ firebase-hk0j4Ic4.js:2060
n.Ma @ firebase-hk0j4Ic4.js:2060
Promise.then
Hc @ firebase-hk0j4Ic4.js:2060
n.Ma @ firebase-hk0j4Ic4.js:2060
Promise.then
Hc @ firebase-hk0j4Ic4.js:2060
n.Ma @ firebase-hk0j4Ic4.js:2060
Promise.then
Hc @ firebase-hk0j4Ic4.js:2060
n.Ma @ firebase-hk0j4Ic4.js:2060
Promise.then
Hc @ firebase-hk0j4Ic4.js:2060
n.Ma @ firebase-hk0j4Ic4.js:2060
Promise.then
Hc @ firebase-hk0j4Ic4.js:2060
n.Ma @ firebase-hk0j4Ic4.js:2060
Promise.then
Hc @ firebase-hk0j4Ic4.js:2060
n.Ma @ firebase-hk0j4Ic4.js:2060
Promise.then
Hc @ firebase-hk0j4Ic4.js:2060
n.Ma @ firebase-hk0j4Ic4.js:2060
Promise.then
Hc @ firebase-hk0j4Ic4.js:2060
n.Ma @ firebase-hk0j4Ic4.js:2060
Promise.then
Hc @ firebase-hk0j4Ic4.js:2060
n.Pa @ firebase-hk0j4Ic4.js:2060
Promise.then
n.send @ firebase-hk0j4Ic4.js:2060
n.ea @ firebase-hk0j4Ic4.js:2062
Cc @ firebase-hk0j4Ic4.js:2059
tu @ firebase-hk0j4Ic4.js:2063
n.Da @ firebase-hk0j4Ic4.js:2063
y @ firebase-hk0j4Ic4.js:2055
Promise.then
Ee @ firebase-hk0j4Ic4.js:2055
eu @ firebase-hk0j4Ic4.js:2063
nu @ firebase-hk0j4Ic4.js:2063
wt.Y @ firebase-hk0j4Ic4.js:2059
wt.ba @ firebase-hk0j4Ic4.js:2059
ni @ firebase-hk0j4Ic4.js:2055
be @ firebase-hk0j4Ic4.js:2055
Kc @ firebase-hk0j4Ic4.js:2062
n.Xa @ firebase-hk0j4Ic4.js:2062
n.Ca @ firebase-hk0j4Ic4.js:2062
or @ firebase-hk0j4Ic4.js:2061
sr @ firebase-hk0j4Ic4.js:2060
n.Ma @ firebase-hk0j4Ic4.js:2060
Promise.then
Hc @ firebase-hk0j4Ic4.js:2060
n.Ma @ firebase-hk0j4Ic4.js:2060
Promise.then
Hc @ firebase-hk0j4Ic4.js:2060
n.Ma @ firebase-hk0j4Ic4.js:2060
Promise.then
Hc @ firebase-hk0j4Ic4.js:2060
n.Ma @ firebase-hk0j4Ic4.js:2060
Promise.then
Hc @ firebase-hk0j4Ic4.js:2060
n.Ma @ firebase-hk0j4Ic4.js:2060
Promise.then
Hc @ firebase-hk0j4Ic4.js:2060
n.Ma @ firebase-hk0j4Ic4.js:2060
Promise.then
Hc @ firebase-hk0j4Ic4.js:2060
n.Ma @ firebase-hk0j4Ic4.js:2060
Promise.then
Hc @ firebase-hk0j4Ic4.js:2060
n.Ma @ firebase-hk0j4Ic4.js:2060
23:44:25.977  Fetch finished loading: POST "https://firestore.googleapis.com/google.firestore.v1.Firestore/Write/channel?VER=8&database=projects%2Fgen-lang-client-0880960511%2Fdatabases%2Fai-studio-2ae3d9c3-70e6-4323-8a95-9d566bd24635&gsessionid=St2IyxGq9_ChhE7LdSATLJzg2N0NtGubZZQ7CS6ucxaqRx0JrzZBfA&SID=dCj0h9I0xIU5Ql7s_VVYFw&RID=54120&AID=12&zx=ex1sew3tz0v&t=1".
n.send @ firebase-hk0j4Ic4.js:2060
n.ea @ firebase-hk0j4Ic4.js:2062
Cc @ firebase-hk0j4Ic4.js:2059
$s @ firebase-hk0j4Ic4.js:2059
Xc @ firebase-hk0j4Ic4.js:2063
n.Ea @ firebase-hk0j4Ic4.js:2063
y @ firebase-hk0j4Ic4.js:2055
Promise.then
Ee @ firebase-hk0j4Ic4.js:2055
li @ firebase-hk0j4Ic4.js:2063
xe.o @ firebase-hk0j4Ic4.js:2063
Jo @ firebase-hk0j4Ic4.js:3271
send @ firebase-hk0j4Ic4.js:3256
q_ @ firebase-hk0j4Ic4.js:3331
ea @ firebase-hk0j4Ic4.js:3331
Sw @ firebase-hk0j4Ic4.js:3362
Rs @ firebase-hk0j4Ic4.js:3362
await in Rs
zw @ firebase-hk0j4Ic4.js:3440
await in zw
(anonymous) @ firebase-hk0j4Ic4.js:3485
await in (anonymous)
(anonymous) @ firebase-hk0j4Ic4.js:3560
(anonymous) @ firebase-hk0j4Ic4.js:3560
Promise.then
cc @ firebase-hk0j4Ic4.js:3560
enqueue @ firebase-hk0j4Ic4.js:3560
enqueueAndForget @ firebase-hk0j4Ic4.js:3560
ov @ firebase-hk0j4Ic4.js:3485
Xr @ firebase-hk0j4Ic4.js:3771
ZA @ firebase-hk0j4Ic4.js:3771
Ys @ index-TqaWaDy8.js:458
await in Ys
(anonymous) @ index-TqaWaDy8.js:458
ko @ index-TqaWaDy8.js:458
await in ko
h @ index-TqaWaDy8.js:486
await in h
pm @ react-C5x9nvks.js:48
(anonymous) @ react-C5x9nvks.js:48
bf @ react-C5x9nvks.js:48
Gc @ react-C5x9nvks.js:48
lo @ react-C5x9nvks.js:49
Bg @ react-C5x9nvks.js:49
23:44:25.978  Fetch finished loading: POST "https://firestore.googleapis.com/google.firestore.v1.Firestore/Listen/channel?VER=8&database=projects%2Fgen-lang-client-0880960511%2Fdatabases%2Fai-studio-2ae3d9c3-70e6-4323-8a95-9d566bd24635&gsessionid=QyqPGquhjcWOGv8uowxbtRto0oDWo6gV5dUAWFLDgskgJNgTq0DfkA&SID=GXWkveTzX8bMcYo8qR8Cxg&RID=36920&AID=248&zx=ddx1zs6gyyeg&t=1".
n.send @ firebase-hk0j4Ic4.js:2060
n.ea @ firebase-hk0j4Ic4.js:2062
Cc @ firebase-hk0j4Ic4.js:2059
$s @ firebase-hk0j4Ic4.js:2059
Xc @ firebase-hk0j4Ic4.js:2063
n.Ea @ firebase-hk0j4Ic4.js:2063
y @ firebase-hk0j4Ic4.js:2055
Promise.then
Ee @ firebase-hk0j4Ic4.js:2055
li @ firebase-hk0j4Ic4.js:2063
xe.o @ firebase-hk0j4Ic4.js:2063
Jo @ firebase-hk0j4Ic4.js:3271
send @ firebase-hk0j4Ic4.js:3256
q_ @ firebase-hk0j4Ic4.js:3331
X_ @ firebase-hk0j4Ic4.js:3331
_f @ firebase-hk0j4Ic4.js:3362
Va @ firebase-hk0j4Ic4.js:3362
(anonymous) @ firebase-hk0j4Ic4.js:3440
Promise.then
$w @ firebase-hk0j4Ic4.js:3440
Ba @ firebase-hk0j4Ic4.js:3425
(anonymous) @ firebase-hk0j4Ic4.js:3485
(anonymous) @ firebase-hk0j4Ic4.js:3560
(anonymous) @ firebase-hk0j4Ic4.js:3560
Promise.then
cc @ firebase-hk0j4Ic4.js:3560
enqueue @ firebase-hk0j4Ic4.js:3560
enqueueAndForget @ firebase-hk0j4Ic4.js:3560
next @ firebase-hk0j4Ic4.js:3485
(anonymous) @ firebase-hk0j4Ic4.js:3470
setTimeout
Ou @ firebase-hk0j4Ic4.js:3470
next @ firebase-hk0j4Ic4.js:3470
ka @ firebase-hk0j4Ic4.js:3425
Fa @ firebase-hk0j4Ic4.js:3425
Ow @ firebase-hk0j4Ic4.js:3425
Gr @ firebase-hk0j4Ic4.js:3440
await in Gr
Rf @ firebase-hk0j4Ic4.js:3440
await in Rf
(anonymous) @ firebase-hk0j4Ic4.js:3362
Aw @ firebase-hk0j4Ic4.js:3362
await in Aw
onNext @ firebase-hk0j4Ic4.js:3331
(anonymous) @ firebase-hk0j4Ic4.js:3331
(anonymous) @ firebase-hk0j4Ic4.js:3331
(anonymous) @ firebase-hk0j4Ic4.js:3560
(anonymous) @ firebase-hk0j4Ic4.js:3560
Promise.then
cc @ firebase-hk0j4Ic4.js:3560
enqueue @ firebase-hk0j4Ic4.js:3560
enqueueAndForget @ firebase-hk0j4Ic4.js:3560
(anonymous) @ firebase-hk0j4Ic4.js:3331
(anonymous) @ firebase-hk0j4Ic4.js:3331
__ @ firebase-hk0j4Ic4.js:3256
(anonymous) @ firebase-hk0j4Ic4.js:3271
(anonymous) @ firebase-hk0j4Ic4.js:3271
ni @ firebase-hk0j4Ic4.js:2055
be @ firebase-hk0j4Ic4.js:2055
En.qa @ firebase-hk0j4Ic4.js:2063
zs @ firebase-hk0j4Ic4.js:2060
wt.Y @ firebase-hk0j4Ic4.js:2059
wt.ba @ firebase-hk0j4Ic4.js:2059
ni @ firebase-hk0j4Ic4.js:2055
be @ firebase-hk0j4Ic4.js:2055
Kc @ firebase-hk0j4Ic4.js:2062
n.Xa @ firebase-hk0j4Ic4.js:2062
n.Ca @ firebase-hk0j4Ic4.js:2062
or @ firebase-hk0j4Ic4.js:2061
n.Ma @ firebase-hk0j4Ic4.js:2060
Promise.then
Hc @ firebase-hk0j4Ic4.js:2060
n.Ma @ firebase-hk0j4Ic4.js:2060
Promise.then
Hc @ firebase-hk0j4Ic4.js:2060
n.Ma @ firebase-hk0j4Ic4.js:2060
Promise.then
Hc @ firebase-hk0j4Ic4.js:2060
n.Ma @ firebase-hk0j4Ic4.js:2060
Promise.then
Hc @ firebase-hk0j4Ic4.js:2060
n.Ma @ firebase-hk0j4Ic4.js:2060
Promise.then
Hc @ firebase-hk0j4Ic4.js:2060
n.Ma @ firebase-hk0j4Ic4.js:2060
Promise.then
Hc @ firebase-hk0j4Ic4.js:2060
n.Ma @ firebase-hk0j4Ic4.js:2060
Promise.then
Hc @ firebase-hk0j4Ic4.js:2060
n.Ma @ firebase-hk0j4Ic4.js:2060
Promise.then
Hc @ firebase-hk0j4Ic4.js:2060
n.Ma @ firebase-hk0j4Ic4.js:2060
Promise.then
Hc @ firebase-hk0j4Ic4.js:2060
n.Ma @ firebase-hk0j4Ic4.js:2060
Promise.then
Hc @ firebase-hk0j4Ic4.js:2060
n.Ma @ firebase-hk0j4Ic4.js:2060
Promise.then
Hc @ firebase-hk0j4Ic4.js:2060
n.Ma @ firebase-hk0j4Ic4.js:2060
Promise.then
Hc @ firebase-hk0j4Ic4.js:2060
n.Ma @ firebase-hk0j4Ic4.js:2060
Promise.then
Hc @ firebase-hk0j4Ic4.js:2060
n.Ma @ firebase-hk0j4Ic4.js:2060
Promise.then
Hc @ firebase-hk0j4Ic4.js:2060
n.Pa @ firebase-hk0j4Ic4.js:2060
Promise.then
n.send @ firebase-hk0j4Ic4.js:2060
n.ea @ firebase-hk0j4Ic4.js:2062
Cc @ firebase-hk0j4Ic4.js:2059
tu @ firebase-hk0j4Ic4.js:2063
n.Da @ firebase-hk0j4Ic4.js:2063
y @ firebase-hk0j4Ic4.js:2055
Promise.then
Ee @ firebase-hk0j4Ic4.js:2055
eu @ firebase-hk0j4Ic4.js:2063
nu @ firebase-hk0j4Ic4.js:2063
wt.Y @ firebase-hk0j4Ic4.js:2059
wt.ba @ firebase-hk0j4Ic4.js:2059
ni @ firebase-hk0j4Ic4.js:2055
be @ firebase-hk0j4Ic4.js:2055
Kc @ firebase-hk0j4Ic4.js:2062
n.Xa @ firebase-hk0j4Ic4.js:2062
n.Ca @ firebase-hk0j4Ic4.js:2062
or @ firebase-hk0j4Ic4.js:2061
sr @ firebase-hk0j4Ic4.js:2060
n.Ma @ firebase-hk0j4Ic4.js:2060
Promise.then
Hc @ firebase-hk0j4Ic4.js:2060
n.Ma @ firebase-hk0j4Ic4.js:2060
Promise.then
Hc @ firebase-hk0j4Ic4.js:2060
n.Ma @ firebase-hk0j4Ic4.js:2060
Promise.then
Hc @ firebase-hk0j4Ic4.js:2060
n.Ma @ firebase-hk0j4Ic4.js:2060
Promise.then
Hc @ firebase-hk0j4Ic4.js:2060
n.Ma @ firebase-hk0j4Ic4.js:2060
Promise.then
Hc @ firebase-hk0j4Ic4.js:2060
n.Ma @ firebase-hk0j4Ic4.js:2060
Promise.then
Hc @ firebase-hk0j4Ic4.js:2060
n.Ma @ firebase-hk0j4Ic4.js:2060
Promise.then
Hc @ firebase-hk0j4Ic4.js:2060
n.Ma @ firebase-hk0j4Ic4.js:2060
23:44:25.979  Fetch finished loading: POST "https://firestore.googleapis.com/google.firestore.v1.Firestore/Write/channel?VER=8&database=projects%2Fgen-lang-client-0880960511%2Fdatabases%2Fai-studio-2ae3d9c3-70e6-4323-8a95-9d566bd24635&gsessionid=St2IyxGq9_ChhE7LdSATLJzg2N0NtGubZZQ7CS6ucxaqRx0JrzZBfA&SID=dCj0h9I0xIU5Ql7s_VVYFw&RID=54119&AID=12&zx=7k71js8yrg08&t=1".
n.send @ firebase-hk0j4Ic4.js:2060
n.ea @ firebase-hk0j4Ic4.js:2062
Cc @ firebase-hk0j4Ic4.js:2059
$s @ firebase-hk0j4Ic4.js:2059
Xc @ firebase-hk0j4Ic4.js:2063
n.Ea @ firebase-hk0j4Ic4.js:2063
y @ firebase-hk0j4Ic4.js:2055
Promise.then
Ee @ firebase-hk0j4Ic4.js:2055
li @ firebase-hk0j4Ic4.js:2063
xe.o @ firebase-hk0j4Ic4.js:2063
Jo @ firebase-hk0j4Ic4.js:3271
send @ firebase-hk0j4Ic4.js:3256
q_ @ firebase-hk0j4Ic4.js:3331
ea @ firebase-hk0j4Ic4.js:3331
Sw @ firebase-hk0j4Ic4.js:3362
Rs @ firebase-hk0j4Ic4.js:3362
await in Rs
zw @ firebase-hk0j4Ic4.js:3440
await in zw
(anonymous) @ firebase-hk0j4Ic4.js:3485
await in (anonymous)
(anonymous) @ firebase-hk0j4Ic4.js:3560
(anonymous) @ firebase-hk0j4Ic4.js:3560
Promise.then
cc @ firebase-hk0j4Ic4.js:3560
enqueue @ firebase-hk0j4Ic4.js:3560
enqueueAndForget @ firebase-hk0j4Ic4.js:3560
ov @ firebase-hk0j4Ic4.js:3485
Xr @ firebase-hk0j4Ic4.js:3771
ZA @ firebase-hk0j4Ic4.js:3771
Ys @ index-TqaWaDy8.js:458
await in Ys
(anonymous) @ index-TqaWaDy8.js:458
ko @ index-TqaWaDy8.js:458
await in ko
h @ index-TqaWaDy8.js:486
await in h
pm @ react-C5x9nvks.js:48
(anonymous) @ react-C5x9nvks.js:48
bf @ react-C5x9nvks.js:48
Gc @ react-C5x9nvks.js:48
lo @ react-C5x9nvks.js:49
Bg @ react-C5x9nvks.js:49
23:44:25.980  Fetch finished loading: POST "https://firestore.googleapis.com/google.firestore.v1.Firestore/Listen/channel?VER=8&database=projects%2Fgen-lang-client-0880960511%2Fdatabases%2Fai-studio-2ae3d9c3-70e6-4323-8a95-9d566bd24635&gsessionid=QyqPGquhjcWOGv8uowxbtRto0oDWo6gV5dUAWFLDgskgJNgTq0DfkA&SID=GXWkveTzX8bMcYo8qR8Cxg&RID=36921&AID=248&zx=cqwpxs7ac6nk&t=1".
n.send @ firebase-hk0j4Ic4.js:2060
n.ea @ firebase-hk0j4Ic4.js:2062
Cc @ firebase-hk0j4Ic4.js:2059
$s @ firebase-hk0j4Ic4.js:2059
Xc @ firebase-hk0j4Ic4.js:2063
n.Ea @ firebase-hk0j4Ic4.js:2063
y @ firebase-hk0j4Ic4.js:2055
Promise.then
Ee @ firebase-hk0j4Ic4.js:2055
li @ firebase-hk0j4Ic4.js:2063
xe.o @ firebase-hk0j4Ic4.js:2063
Jo @ firebase-hk0j4Ic4.js:3271
send @ firebase-hk0j4Ic4.js:3256
q_ @ firebase-hk0j4Ic4.js:3331
X_ @ firebase-hk0j4Ic4.js:3331
_f @ firebase-hk0j4Ic4.js:3362
Va @ firebase-hk0j4Ic4.js:3362
(anonymous) @ firebase-hk0j4Ic4.js:3440
Promise.then
$w @ firebase-hk0j4Ic4.js:3440
Ba @ firebase-hk0j4Ic4.js:3425
(anonymous) @ firebase-hk0j4Ic4.js:3485
(anonymous) @ firebase-hk0j4Ic4.js:3560
(anonymous) @ firebase-hk0j4Ic4.js:3560
Promise.then
cc @ firebase-hk0j4Ic4.js:3560
enqueue @ firebase-hk0j4Ic4.js:3560
enqueueAndForget @ firebase-hk0j4Ic4.js:3560
next @ firebase-hk0j4Ic4.js:3485
(anonymous) @ firebase-hk0j4Ic4.js:3470
setTimeout
Ou @ firebase-hk0j4Ic4.js:3470
next @ firebase-hk0j4Ic4.js:3470
ka @ firebase-hk0j4Ic4.js:3425
Fa @ firebase-hk0j4Ic4.js:3425
Ow @ firebase-hk0j4Ic4.js:3425
Gr @ firebase-hk0j4Ic4.js:3440
await in Gr
Rf @ firebase-hk0j4Ic4.js:3440
await in Rf
(anonymous) @ firebase-hk0j4Ic4.js:3362
Aw @ firebase-hk0j4Ic4.js:3362
await in Aw
onNext @ firebase-hk0j4Ic4.js:3331
(anonymous) @ firebase-hk0j4Ic4.js:3331
(anonymous) @ firebase-hk0j4Ic4.js:3331
(anonymous) @ firebase-hk0j4Ic4.js:3560
(anonymous) @ firebase-hk0j4Ic4.js:3560
Promise.then
cc @ firebase-hk0j4Ic4.js:3560
enqueue @ firebase-hk0j4Ic4.js:3560
enqueueAndForget @ firebase-hk0j4Ic4.js:3560
(anonymous) @ firebase-hk0j4Ic4.js:3331
(anonymous) @ firebase-hk0j4Ic4.js:3331
__ @ firebase-hk0j4Ic4.js:3256
(anonymous) @ firebase-hk0j4Ic4.js:3271
(anonymous) @ firebase-hk0j4Ic4.js:3271
ni @ firebase-hk0j4Ic4.js:2055
be @ firebase-hk0j4Ic4.js:2055
En.qa @ firebase-hk0j4Ic4.js:2063
zs @ firebase-hk0j4Ic4.js:2060
wt.Y @ firebase-hk0j4Ic4.js:2059
wt.ba @ firebase-hk0j4Ic4.js:2059
ni @ firebase-hk0j4Ic4.js:2055
be @ firebase-hk0j4Ic4.js:2055
Kc @ firebase-hk0j4Ic4.js:2062
n.Xa @ firebase-hk0j4Ic4.js:2062
n.Ca @ firebase-hk0j4Ic4.js:2062
or @ firebase-hk0j4Ic4.js:2061
n.Ma @ firebase-hk0j4Ic4.js:2060
Promise.then
Hc @ firebase-hk0j4Ic4.js:2060
n.Ma @ firebase-hk0j4Ic4.js:2060
Promise.then
Hc @ firebase-hk0j4Ic4.js:2060
n.Ma @ firebase-hk0j4Ic4.js:2060
Promise.then
Hc @ firebase-hk0j4Ic4.js:2060
n.Ma @ firebase-hk0j4Ic4.js:2060
Promise.then
Hc @ firebase-hk0j4Ic4.js:2060
n.Ma @ firebase-hk0j4Ic4.js:2060
Promise.then
Hc @ firebase-hk0j4Ic4.js:2060
n.Ma @ firebase-hk0j4Ic4.js:2060
Promise.then
Hc @ firebase-hk0j4Ic4.js:2060
n.Ma @ firebase-hk0j4Ic4.js:2060
Promise.then
Hc @ firebase-hk0j4Ic4.js:2060
n.Ma @ firebase-hk0j4Ic4.js:2060
Promise.then
Hc @ firebase-hk0j4Ic4.js:2060
n.Ma @ firebase-hk0j4Ic4.js:2060
Promise.then
Hc @ firebase-hk0j4Ic4.js:2060
n.Ma @ firebase-hk0j4Ic4.js:2060
Promise.then
Hc @ firebase-hk0j4Ic4.js:2060
n.Ma @ firebase-hk0j4Ic4.js:2060
Promise.then
Hc @ firebase-hk0j4Ic4.js:2060
n.Ma @ firebase-hk0j4Ic4.js:2060
Promise.then
Hc @ firebase-hk0j4Ic4.js:2060
n.Ma @ firebase-hk0j4Ic4.js:2060
Promise.then
Hc @ firebase-hk0j4Ic4.js:2060
n.Ma @ firebase-hk0j4Ic4.js:2060
Promise.then
Hc @ firebase-hk0j4Ic4.js:2060
n.Pa @ firebase-hk0j4Ic4.js:2060
Promise.then
n.send @ firebase-hk0j4Ic4.js:2060
n.ea @ firebase-hk0j4Ic4.js:2062
Cc @ firebase-hk0j4Ic4.js:2059
tu @ firebase-hk0j4Ic4.js:2063
n.Da @ firebase-hk0j4Ic4.js:2063
y @ firebase-hk0j4Ic4.js:2055
Promise.then
Ee @ firebase-hk0j4Ic4.js:2055
eu @ firebase-hk0j4Ic4.js:2063
nu @ firebase-hk0j4Ic4.js:2063
wt.Y @ firebase-hk0j4Ic4.js:2059
wt.ba @ firebase-hk0j4Ic4.js:2059
ni @ firebase-hk0j4Ic4.js:2055
be @ firebase-hk0j4Ic4.js:2055
Kc @ firebase-hk0j4Ic4.js:2062
n.Xa @ firebase-hk0j4Ic4.js:2062
n.Ca @ firebase-hk0j4Ic4.js:2062
or @ firebase-hk0j4Ic4.js:2061
sr @ firebase-hk0j4Ic4.js:2060
n.Ma @ firebase-hk0j4Ic4.js:2060
Promise.then
Hc @ firebase-hk0j4Ic4.js:2060
n.Ma @ firebase-hk0j4Ic4.js:2060
Promise.then
Hc @ firebase-hk0j4Ic4.js:2060
n.Ma @ firebase-hk0j4Ic4.js:2060
Promise.then
Hc @ firebase-hk0j4Ic4.js:2060
n.Ma @ firebase-hk0j4Ic4.js:2060
Promise.then
Hc @ firebase-hk0j4Ic4.js:2060
n.Ma @ firebase-hk0j4Ic4.js:2060
Promise.then
Hc @ firebase-hk0j4Ic4.js:2060
n.Ma @ firebase-hk0j4Ic4.js:2060
Promise.then
Hc @ firebase-hk0j4Ic4.js:2060
n.Ma @ firebase-hk0j4Ic4.js:2060
Promise.then
Hc @ firebase-hk0j4Ic4.js:2060
n.Ma @ firebase-hk0j4Ic4.js:2060
23:44:26.009  Fetch finished loading: POST "https://firestore.googleapis.com/google.firestore.v1.Firestore/Listen/channel?VER=8&database=projects%2Fgen-lang-client-0880960511%2Fdatabases%2Fai-studio-2ae3d9c3-70e6-4323-8a95-9d566bd24635&gsessionid=QyqPGquhjcWOGv8uowxbtRto0oDWo6gV5dUAWFLDgskgJNgTq0DfkA&SID=GXWkveTzX8bMcYo8qR8Cxg&RID=36922&AID=248&zx=lrhpgp290lli&t=1".
n.send @ firebase-hk0j4Ic4.js:2060
n.ea @ firebase-hk0j4Ic4.js:2062
Cc @ firebase-hk0j4Ic4.js:2059
$s @ firebase-hk0j4Ic4.js:2059
Xc @ firebase-hk0j4Ic4.js:2063
n.Ea @ firebase-hk0j4Ic4.js:2063
y @ firebase-hk0j4Ic4.js:2055
Promise.then
Ee @ firebase-hk0j4Ic4.js:2055
li @ firebase-hk0j4Ic4.js:2063
xe.o @ firebase-hk0j4Ic4.js:2063
Jo @ firebase-hk0j4Ic4.js:3271
send @ firebase-hk0j4Ic4.js:3256
q_ @ firebase-hk0j4Ic4.js:3331
X_ @ firebase-hk0j4Ic4.js:3331
_f @ firebase-hk0j4Ic4.js:3362
Va @ firebase-hk0j4Ic4.js:3362
(anonymous) @ firebase-hk0j4Ic4.js:3440
Promise.then
$w @ firebase-hk0j4Ic4.js:3440
Ba @ firebase-hk0j4Ic4.js:3425
(anonymous) @ firebase-hk0j4Ic4.js:3485
(anonymous) @ firebase-hk0j4Ic4.js:3560
(anonymous) @ firebase-hk0j4Ic4.js:3560
Promise.then
cc @ firebase-hk0j4Ic4.js:3560
enqueue @ firebase-hk0j4Ic4.js:3560
enqueueAndForget @ firebase-hk0j4Ic4.js:3560
next @ firebase-hk0j4Ic4.js:3485
(anonymous) @ firebase-hk0j4Ic4.js:3470
setTimeout
Ou @ firebase-hk0j4Ic4.js:3470
next @ firebase-hk0j4Ic4.js:3470
ka @ firebase-hk0j4Ic4.js:3425
Fa @ firebase-hk0j4Ic4.js:3425
Ow @ firebase-hk0j4Ic4.js:3425
Gr @ firebase-hk0j4Ic4.js:3440
await in Gr
Rf @ firebase-hk0j4Ic4.js:3440
await in Rf
(anonymous) @ firebase-hk0j4Ic4.js:3362
Aw @ firebase-hk0j4Ic4.js:3362
await in Aw
onNext @ firebase-hk0j4Ic4.js:3331
(anonymous) @ firebase-hk0j4Ic4.js:3331
(anonymous) @ firebase-hk0j4Ic4.js:3331
(anonymous) @ firebase-hk0j4Ic4.js:3560
(anonymous) @ firebase-hk0j4Ic4.js:3560
Promise.then
cc @ firebase-hk0j4Ic4.js:3560
enqueue @ firebase-hk0j4Ic4.js:3560
enqueueAndForget @ firebase-hk0j4Ic4.js:3560
(anonymous) @ firebase-hk0j4Ic4.js:3331
(anonymous) @ firebase-hk0j4Ic4.js:3331
__ @ firebase-hk0j4Ic4.js:3256
(anonymous) @ firebase-hk0j4Ic4.js:3271
(anonymous) @ firebase-hk0j4Ic4.js:3271
ni @ firebase-hk0j4Ic4.js:2055
be @ firebase-hk0j4Ic4.js:2055
En.qa @ firebase-hk0j4Ic4.js:2063
zs @ firebase-hk0j4Ic4.js:2060
wt.Y @ firebase-hk0j4Ic4.js:2059
wt.ba @ firebase-hk0j4Ic4.js:2059
ni @ firebase-hk0j4Ic4.js:2055
be @ firebase-hk0j4Ic4.js:2055
Kc @ firebase-hk0j4Ic4.js:2062
n.Xa @ firebase-hk0j4Ic4.js:2062
n.Ca @ firebase-hk0j4Ic4.js:2062
or @ firebase-hk0j4Ic4.js:2061
n.Ma @ firebase-hk0j4Ic4.js:2060
Promise.then
Hc @ firebase-hk0j4Ic4.js:2060
n.Ma @ firebase-hk0j4Ic4.js:2060
Promise.then
Hc @ firebase-hk0j4Ic4.js:2060
n.Ma @ firebase-hk0j4Ic4.js:2060
Promise.then
Hc @ firebase-hk0j4Ic4.js:2060
n.Ma @ firebase-hk0j4Ic4.js:2060
Promise.then
Hc @ firebase-hk0j4Ic4.js:2060
n.Ma @ firebase-hk0j4Ic4.js:2060
Promise.then
Hc @ firebase-hk0j4Ic4.js:2060
n.Ma @ firebase-hk0j4Ic4.js:2060
Promise.then
Hc @ firebase-hk0j4Ic4.js:2060
n.Ma @ firebase-hk0j4Ic4.js:2060
Promise.then
Hc @ firebase-hk0j4Ic4.js:2060
n.Ma @ firebase-hk0j4Ic4.js:2060
Promise.then
Hc @ firebase-hk0j4Ic4.js:2060
n.Ma @ firebase-hk0j4Ic4.js:2060
Promise.then
Hc @ firebase-hk0j4Ic4.js:2060
n.Ma @ firebase-hk0j4Ic4.js:2060
Promise.then
Hc @ firebase-hk0j4Ic4.js:2060
n.Ma @ firebase-hk0j4Ic4.js:2060
Promise.then
Hc @ firebase-hk0j4Ic4.js:2060
n.Ma @ firebase-hk0j4Ic4.js:2060
Promise.then
Hc @ firebase-hk0j4Ic4.js:2060
n.Ma @ firebase-hk0j4Ic4.js:2060
Promise.then
Hc @ firebase-hk0j4Ic4.js:2060
n.Ma @ firebase-hk0j4Ic4.js:2060
Promise.then
Hc @ firebase-hk0j4Ic4.js:2060
n.Pa @ firebase-hk0j4Ic4.js:2060
Promise.then
n.send @ firebase-hk0j4Ic4.js:2060
n.ea @ firebase-hk0j4Ic4.js:2062
Cc @ firebase-hk0j4Ic4.js:2059
tu @ firebase-hk0j4Ic4.js:2063
n.Da @ firebase-hk0j4Ic4.js:2063
y @ firebase-hk0j4Ic4.js:2055
Promise.then
Ee @ firebase-hk0j4Ic4.js:2055
eu @ firebase-hk0j4Ic4.js:2063
nu @ firebase-hk0j4Ic4.js:2063
wt.Y @ firebase-hk0j4Ic4.js:2059
wt.ba @ firebase-hk0j4Ic4.js:2059
ni @ firebase-hk0j4Ic4.js:2055
be @ firebase-hk0j4Ic4.js:2055
Kc @ firebase-hk0j4Ic4.js:2062
n.Xa @ firebase-hk0j4Ic4.js:2062
n.Ca @ firebase-hk0j4Ic4.js:2062
or @ firebase-hk0j4Ic4.js:2061
sr @ firebase-hk0j4Ic4.js:2060
n.Ma @ firebase-hk0j4Ic4.js:2060
Promise.then
Hc @ firebase-hk0j4Ic4.js:2060
n.Ma @ firebase-hk0j4Ic4.js:2060
Promise.then
Hc @ firebase-hk0j4Ic4.js:2060
n.Ma @ firebase-hk0j4Ic4.js:2060
Promise.then
Hc @ firebase-hk0j4Ic4.js:2060
n.Ma @ firebase-hk0j4Ic4.js:2060
Promise.then
Hc @ firebase-hk0j4Ic4.js:2060
n.Ma @ firebase-hk0j4Ic4.js:2060
Promise.then
Hc @ firebase-hk0j4Ic4.js:2060
n.Ma @ firebase-hk0j4Ic4.js:2060
Promise.then
Hc @ firebase-hk0j4Ic4.js:2060
n.Ma @ firebase-hk0j4Ic4.js:2060
Promise.then
Hc @ firebase-hk0j4Ic4.js:2060
n.Ma @ firebase-hk0j4Ic4.js:2060
23:44:26.009  Fetch finished loading: POST "https://firestore.googleapis.com/google.firestore.v1.Firestore/Write/channel?VER=8&database=projects%2Fgen-lang-client-0880960511%2Fdatabases%2Fai-studio-2ae3d9c3-70e6-4323-8a95-9d566bd24635&gsessionid=St2IyxGq9_ChhE7LdSATLJzg2N0NtGubZZQ7CS6ucxaqRx0JrzZBfA&SID=dCj0h9I0xIU5Ql7s_VVYFw&RID=54121&AID=12&zx=cssctw53yolj&t=1".
n.send @ firebase-hk0j4Ic4.js:2060
n.ea @ firebase-hk0j4Ic4.js:2062
Cc @ firebase-hk0j4Ic4.js:2059
$s @ firebase-hk0j4Ic4.js:2059
Xc @ firebase-hk0j4Ic4.js:2063
n.Ea @ firebase-hk0j4Ic4.js:2063
y @ firebase-hk0j4Ic4.js:2055
Promise.then
Ee @ firebase-hk0j4Ic4.js:2055
li @ firebase-hk0j4Ic4.js:2063
xe.o @ firebase-hk0j4Ic4.js:2063
Jo @ firebase-hk0j4Ic4.js:3271
send @ firebase-hk0j4Ic4.js:3256
q_ @ firebase-hk0j4Ic4.js:3331
ea @ firebase-hk0j4Ic4.js:3331
Sw @ firebase-hk0j4Ic4.js:3362
Rs @ firebase-hk0j4Ic4.js:3362
await in Rs
zw @ firebase-hk0j4Ic4.js:3440
await in zw
(anonymous) @ firebase-hk0j4Ic4.js:3485
await in (anonymous)
(anonymous) @ firebase-hk0j4Ic4.js:3560
(anonymous) @ firebase-hk0j4Ic4.js:3560
Promise.then
cc @ firebase-hk0j4Ic4.js:3560
enqueue @ firebase-hk0j4Ic4.js:3560
enqueueAndForget @ firebase-hk0j4Ic4.js:3560
ov @ firebase-hk0j4Ic4.js:3485
Xr @ firebase-hk0j4Ic4.js:3771
ZA @ firebase-hk0j4Ic4.js:3771
Ys @ index-TqaWaDy8.js:458
await in Ys
(anonymous) @ index-TqaWaDy8.js:458
ko @ index-TqaWaDy8.js:458
await in ko
h @ index-TqaWaDy8.js:486
await in h
pm @ react-C5x9nvks.js:48
(anonymous) @ react-C5x9nvks.js:48
bf @ react-C5x9nvks.js:48
Gc @ react-C5x9nvks.js:48
lo @ react-C5x9nvks.js:49
Bg @ react-C5x9nvks.js:49
23:44:26.270  Fetch finished loading: POST "https://firestore.googleapis.com/google.firestore.v1.Firestore/Listen/channel?VER=8&database=projects%2Fgen-lang-client-0880960511%2Fdatabases%2Fai-studio-2ae3d9c3-70e6-4323-8a95-9d566bd24635&gsessionid=QyqPGquhjcWOGv8uowxbtRto0oDWo6gV5dUAWFLDgskgJNgTq0DfkA&SID=GXWkveTzX8bMcYo8qR8Cxg&RID=36923&AID=264&zx=v2fsrscszykp&t=1".
n.send @ firebase-hk0j4Ic4.js:2060
n.ea @ firebase-hk0j4Ic4.js:2062
Cc @ firebase-hk0j4Ic4.js:2059
$s @ firebase-hk0j4Ic4.js:2059
Xc @ firebase-hk0j4Ic4.js:2063
n.Ea @ firebase-hk0j4Ic4.js:2063
y @ firebase-hk0j4Ic4.js:2055
Promise.then
Ee @ firebase-hk0j4Ic4.js:2055
li @ firebase-hk0j4Ic4.js:2063
xe.o @ firebase-hk0j4Ic4.js:2063
Jo @ firebase-hk0j4Ic4.js:3271
send @ firebase-hk0j4Ic4.js:3256
q_ @ firebase-hk0j4Ic4.js:3331
Z_ @ firebase-hk0j4Ic4.js:3331
Oa @ firebase-hk0j4Ic4.js:3362
gf @ firebase-hk0j4Ic4.js:3362
Af @ firebase-hk0j4Ic4.js:3440
await in Af
Bw @ firebase-hk0j4Ic4.js:3440
Ua @ firebase-hk0j4Ic4.js:3425
(anonymous) @ firebase-hk0j4Ic4.js:3485
(anonymous) @ firebase-hk0j4Ic4.js:3485
await in (anonymous)
(anonymous) @ firebase-hk0j4Ic4.js:3560
(anonymous) @ firebase-hk0j4Ic4.js:3560
Promise.then
cc @ firebase-hk0j4Ic4.js:3560
enqueue @ firebase-hk0j4Ic4.js:3560
enqueueAndForget @ firebase-hk0j4Ic4.js:3560
sv @ firebase-hk0j4Ic4.js:3485
JA @ firebase-hk0j4Ic4.js:3771
b0 @ index-TqaWaDy8.js:481
(anonymous) @ index-TqaWaDy8.js:458
await in (anonymous)
ko @ index-TqaWaDy8.js:458
await in ko
h @ index-TqaWaDy8.js:486
await in h
pm @ react-C5x9nvks.js:48
(anonymous) @ react-C5x9nvks.js:48
bf @ react-C5x9nvks.js:48
Gc @ react-C5x9nvks.js:48
lo @ react-C5x9nvks.js:49
Bg @ react-C5x9nvks.js:49
23:44:26.270  Fetch finished loading: POST "https://firestore.googleapis.com/google.firestore.v1.Firestore/Listen/channel?VER=8&database=projects%2Fgen-lang-client-0880960511%2Fdatabases%2Fai-studio-2ae3d9c3-70e6-4323-8a95-9d566bd24635&gsessionid=QyqPGquhjcWOGv8uowxbtRto0oDWo6gV5dUAWFLDgskgJNgTq0DfkA&SID=GXWkveTzX8bMcYo8qR8Cxg&RID=36924&AID=264&zx=vzhsjgyz5squ&t=1".
n.send @ firebase-hk0j4Ic4.js:2060
n.ea @ firebase-hk0j4Ic4.js:2062
Cc @ firebase-hk0j4Ic4.js:2059
$s @ firebase-hk0j4Ic4.js:2059
Xc @ firebase-hk0j4Ic4.js:2063
n.Ea @ firebase-hk0j4Ic4.js:2063
y @ firebase-hk0j4Ic4.js:2055
Promise.then
Ee @ firebase-hk0j4Ic4.js:2055
li @ firebase-hk0j4Ic4.js:2063
xe.o @ firebase-hk0j4Ic4.js:2063
Jo @ firebase-hk0j4Ic4.js:3271
send @ firebase-hk0j4Ic4.js:3256
q_ @ firebase-hk0j4Ic4.js:3331
Z_ @ firebase-hk0j4Ic4.js:3331
Oa @ firebase-hk0j4Ic4.js:3362
gf @ firebase-hk0j4Ic4.js:3362
Af @ firebase-hk0j4Ic4.js:3440
await in Af
Bw @ firebase-hk0j4Ic4.js:3440
Ua @ firebase-hk0j4Ic4.js:3425
(anonymous) @ firebase-hk0j4Ic4.js:3485
(anonymous) @ firebase-hk0j4Ic4.js:3485
await in (anonymous)
(anonymous) @ firebase-hk0j4Ic4.js:3560
(anonymous) @ firebase-hk0j4Ic4.js:3560
Promise.then
cc @ firebase-hk0j4Ic4.js:3560
enqueue @ firebase-hk0j4Ic4.js:3560
enqueueAndForget @ firebase-hk0j4Ic4.js:3560
sv @ firebase-hk0j4Ic4.js:3485
JA @ firebase-hk0j4Ic4.js:3771
b0 @ index-TqaWaDy8.js:481
(anonymous) @ index-TqaWaDy8.js:458
await in (anonymous)
ko @ index-TqaWaDy8.js:458
await in ko
h @ index-TqaWaDy8.js:486
await in h
pm @ react-C5x9nvks.js:48
(anonymous) @ react-C5x9nvks.js:48
bf @ react-C5x9nvks.js:48
Gc @ react-C5x9nvks.js:48
lo @ react-C5x9nvks.js:49
Bg @ react-C5x9nvks.js:49
23:44:26.271  Fetch finished loading: POST "https://firestore.googleapis.com/google.firestore.v1.Firestore/Listen/channel?VER=8&database=projects%2Fgen-lang-client-0880960511%2Fdatabases%2Fai-studio-2ae3d9c3-70e6-4323-8a95-9d566bd24635&gsessionid=QyqPGquhjcWOGv8uowxbtRto0oDWo6gV5dUAWFLDgskgJNgTq0DfkA&SID=GXWkveTzX8bMcYo8qR8Cxg&RID=36925&AID=264&zx=yxg14ny5rdzc&t=1".
n.send @ firebase-hk0j4Ic4.js:2060
n.ea @ firebase-hk0j4Ic4.js:2062
Cc @ firebase-hk0j4Ic4.js:2059
$s @ firebase-hk0j4Ic4.js:2059
Xc @ firebase-hk0j4Ic4.js:2063
n.Ea @ firebase-hk0j4Ic4.js:2063
y @ firebase-hk0j4Ic4.js:2055
Promise.then
Ee @ firebase-hk0j4Ic4.js:2055
li @ firebase-hk0j4Ic4.js:2063
xe.o @ firebase-hk0j4Ic4.js:2063
Jo @ firebase-hk0j4Ic4.js:3271
send @ firebase-hk0j4Ic4.js:3256
q_ @ firebase-hk0j4Ic4.js:3331
Z_ @ firebase-hk0j4Ic4.js:3331
Oa @ firebase-hk0j4Ic4.js:3362
gf @ firebase-hk0j4Ic4.js:3362
Af @ firebase-hk0j4Ic4.js:3440
await in Af
Bw @ firebase-hk0j4Ic4.js:3440
Ua @ firebase-hk0j4Ic4.js:3425
(anonymous) @ firebase-hk0j4Ic4.js:3485
(anonymous) @ firebase-hk0j4Ic4.js:3485
await in (anonymous)
(anonymous) @ firebase-hk0j4Ic4.js:3560
(anonymous) @ firebase-hk0j4Ic4.js:3560
Promise.then
cc @ firebase-hk0j4Ic4.js:3560
enqueue @ firebase-hk0j4Ic4.js:3560
enqueueAndForget @ firebase-hk0j4Ic4.js:3560
sv @ firebase-hk0j4Ic4.js:3485
JA @ firebase-hk0j4Ic4.js:3771
b0 @ index-TqaWaDy8.js:481
(anonymous) @ index-TqaWaDy8.js:458
await in (anonymous)
ko @ index-TqaWaDy8.js:458
await in ko
h @ index-TqaWaDy8.js:486
await in h
pm @ react-C5x9nvks.js:48
(anonymous) @ react-C5x9nvks.js:48
bf @ react-C5x9nvks.js:48
Gc @ react-C5x9nvks.js:48
lo @ react-C5x9nvks.js:49
Bg @ react-C5x9nvks.js:49
23:44:26.271  Fetch finished loading: POST "https://firestore.googleapis.com/google.firestore.v1.Firestore/Listen/channel?VER=8&database=projects%2Fgen-lang-client-0880960511%2Fdatabases%2Fai-studio-2ae3d9c3-70e6-4323-8a95-9d566bd24635&gsessionid=QyqPGquhjcWOGv8uowxbtRto0oDWo6gV5dUAWFLDgskgJNgTq0DfkA&SID=GXWkveTzX8bMcYo8qR8Cxg&RID=36926&AID=264&zx=7djud5oq2p5g&t=1".
n.send @ firebase-hk0j4Ic4.js:2060
n.ea @ firebase-hk0j4Ic4.js:2062
Cc @ firebase-hk0j4Ic4.js:2059
$s @ firebase-hk0j4Ic4.js:2059
Xc @ firebase-hk0j4Ic4.js:2063
n.Ea @ firebase-hk0j4Ic4.js:2063
y @ firebase-hk0j4Ic4.js:2055
Promise.then
Ee @ firebase-hk0j4Ic4.js:2055
li @ firebase-hk0j4Ic4.js:2063
xe.o @ firebase-hk0j4Ic4.js:2063
Jo @ firebase-hk0j4Ic4.js:3271
send @ firebase-hk0j4Ic4.js:3256
q_ @ firebase-hk0j4Ic4.js:3331
Z_ @ firebase-hk0j4Ic4.js:3331
Oa @ firebase-hk0j4Ic4.js:3362
gf @ firebase-hk0j4Ic4.js:3362
Af @ firebase-hk0j4Ic4.js:3440
await in Af
Bw @ firebase-hk0j4Ic4.js:3440
Ua @ firebase-hk0j4Ic4.js:3425
(anonymous) @ firebase-hk0j4Ic4.js:3485
(anonymous) @ firebase-hk0j4Ic4.js:3485
await in (anonymous)
(anonymous) @ firebase-hk0j4Ic4.js:3560
(anonymous) @ firebase-hk0j4Ic4.js:3560
Promise.then
cc @ firebase-hk0j4Ic4.js:3560
enqueue @ firebase-hk0j4Ic4.js:3560
enqueueAndForget @ firebase-hk0j4Ic4.js:3560
sv @ firebase-hk0j4Ic4.js:3485
JA @ firebase-hk0j4Ic4.js:3771
b0 @ index-TqaWaDy8.js:481
(anonymous) @ index-TqaWaDy8.js:458
await in (anonymous)
ko @ index-TqaWaDy8.js:458
await in ko
h @ index-TqaWaDy8.js:486
await in h
pm @ react-C5x9nvks.js:48
(anonymous) @ react-C5x9nvks.js:48
bf @ react-C5x9nvks.js:48
Gc @ react-C5x9nvks.js:48
lo @ react-C5x9nvks.js:49
Bg @ react-C5x9nvks.js:49
23:44:26.288  Fetch finished loading: POST "https://firestore.googleapis.com/google.firestore.v1.Firestore/Listen/channel?VER=8&database=projects%2Fgen-lang-client-0880960511%2Fdatabases%2Fai-studio-2ae3d9c3-70e6-4323-8a95-9d566bd24635&gsessionid=QyqPGquhjcWOGv8uowxbtRto0oDWo6gV5dUAWFLDgskgJNgTq0DfkA&SID=GXWkveTzX8bMcYo8qR8Cxg&RID=36927&AID=264&zx=qd6knm6u2eg2&t=1".
n.send @ firebase-hk0j4Ic4.js:2060
n.ea @ firebase-hk0j4Ic4.js:2062
Cc @ firebase-hk0j4Ic4.js:2059
$s @ firebase-hk0j4Ic4.js:2059
Xc @ firebase-hk0j4Ic4.js:2063
n.Ea @ firebase-hk0j4Ic4.js:2063
y @ firebase-hk0j4Ic4.js:2055
Promise.then
Ee @ firebase-hk0j4Ic4.js:2055
li @ firebase-hk0j4Ic4.js:2063
xe.o @ firebase-hk0j4Ic4.js:2063
Jo @ firebase-hk0j4Ic4.js:3271
send @ firebase-hk0j4Ic4.js:3256
q_ @ firebase-hk0j4Ic4.js:3331
Z_ @ firebase-hk0j4Ic4.js:3331
Oa @ firebase-hk0j4Ic4.js:3362
gf @ firebase-hk0j4Ic4.js:3362
Af @ firebase-hk0j4Ic4.js:3440
await in Af
Bw @ firebase-hk0j4Ic4.js:3440
Ua @ firebase-hk0j4Ic4.js:3425
(anonymous) @ firebase-hk0j4Ic4.js:3485
(anonymous) @ firebase-hk0j4Ic4.js:3485
await in (anonymous)
(anonymous) @ firebase-hk0j4Ic4.js:3560
(anonymous) @ firebase-hk0j4Ic4.js:3560
Promise.then
cc @ firebase-hk0j4Ic4.js:3560
enqueue @ firebase-hk0j4Ic4.js:3560
enqueueAndForget @ firebase-hk0j4Ic4.js:3560
sv @ firebase-hk0j4Ic4.js:3485
JA @ firebase-hk0j4Ic4.js:3771
b0 @ index-TqaWaDy8.js:481
(anonymous) @ index-TqaWaDy8.js:458
await in (anonymous)
ko @ index-TqaWaDy8.js:458
await in ko
h @ index-TqaWaDy8.js:486
await in h
pm @ react-C5x9nvks.js:48
(anonymous) @ react-C5x9nvks.js:48
bf @ react-C5x9nvks.js:48
Gc @ react-C5x9nvks.js:48
lo @ react-C5x9nvks.js:49
Bg @ react-C5x9nvks.js:49
23:44:26.290  Fetch finished loading: POST "https://firestore.googleapis.com/google.firestore.v1.Firestore/Listen/channel?VER=8&database=projects%2Fgen-lang-client-0880960511%2Fdatabases%2Fai-studio-2ae3d9c3-70e6-4323-8a95-9d566bd24635&gsessionid=QyqPGquhjcWOGv8uowxbtRto0oDWo6gV5dUAWFLDgskgJNgTq0DfkA&SID=GXWkveTzX8bMcYo8qR8Cxg&RID=36928&AID=264&zx=6sbotmievnve&t=1".
n.send @ firebase-hk0j4Ic4.js:2060
n.ea @ firebase-hk0j4Ic4.js:2062
Cc @ firebase-hk0j4Ic4.js:2059
$s @ firebase-hk0j4Ic4.js:2059
Xc @ firebase-hk0j4Ic4.js:2063
n.Ea @ firebase-hk0j4Ic4.js:2063
y @ firebase-hk0j4Ic4.js:2055
Promise.then
Ee @ firebase-hk0j4Ic4.js:2055
li @ firebase-hk0j4Ic4.js:2063
xe.o @ firebase-hk0j4Ic4.js:2063
Jo @ firebase-hk0j4Ic4.js:3271
send @ firebase-hk0j4Ic4.js:3256
q_ @ firebase-hk0j4Ic4.js:3331
Z_ @ firebase-hk0j4Ic4.js:3331
Oa @ firebase-hk0j4Ic4.js:3362
gf @ firebase-hk0j4Ic4.js:3362
Af @ firebase-hk0j4Ic4.js:3440
await in Af
Bw @ firebase-hk0j4Ic4.js:3440
Ua @ firebase-hk0j4Ic4.js:3425
(anonymous) @ firebase-hk0j4Ic4.js:3485
(anonymous) @ firebase-hk0j4Ic4.js:3485
await in (anonymous)
(anonymous) @ firebase-hk0j4Ic4.js:3560
(anonymous) @ firebase-hk0j4Ic4.js:3560
Promise.then
cc @ firebase-hk0j4Ic4.js:3560
enqueue @ firebase-hk0j4Ic4.js:3560
enqueueAndForget @ firebase-hk0j4Ic4.js:3560
sv @ firebase-hk0j4Ic4.js:3485
JA @ firebase-hk0j4Ic4.js:3771
b0 @ index-TqaWaDy8.js:481
(anonymous) @ index-TqaWaDy8.js:458
await in (anonymous)
ko @ index-TqaWaDy8.js:458
await in ko
h @ index-TqaWaDy8.js:486
await in h
pm @ react-C5x9nvks.js:48
(anonymous) @ react-C5x9nvks.js:48
bf @ react-C5x9nvks.js:48
Gc @ react-C5x9nvks.js:48
lo @ react-C5x9nvks.js:49
Bg @ react-C5x9nvks.js:49
23:44:44.676  Fetch finished loading: POST "https://arc-1-orpin.vercel.app/api/review".
(anonymous) @ index-TqaWaDy8.js:365
Sl @ index-TqaWaDy8.js:365
_c @ index-TqaWaDy8.js:365
await in _c
(anonymous) @ index-TqaWaDy8.js:463
await in (anonymous)
ko @ index-TqaWaDy8.js:458
await in ko
h @ index-TqaWaDy8.js:486
await in h
pm @ react-C5x9nvks.js:48
(anonymous) @ react-C5x9nvks.js:48
bf @ react-C5x9nvks.js:48
Gc @ react-C5x9nvks.js:48
lo @ react-C5x9nvks.js:49
Bg @ react-C5x9nvks.js:49
23:44:45.036  Fetch finished loading: POST "https://arc-1-orpin.vercel.app/api/review".
(anonymous) @ index-TqaWaDy8.js:365
Sl @ index-TqaWaDy8.js:365
_c @ index-TqaWaDy8.js:365
await in _c
(anonymous) @ index-TqaWaDy8.js:463
await in (anonymous)
ko @ index-TqaWaDy8.js:458
await in ko
h @ index-TqaWaDy8.js:486
await in h
pm @ react-C5x9nvks.js:48
(anonymous) @ react-C5x9nvks.js:48
bf @ react-C5x9nvks.js:48
Gc @ react-C5x9nvks.js:48
lo @ react-C5x9nvks.js:49
Bg @ react-C5x9nvks.js:49
23:44:51.940  Fetch finished loading: POST "https://arc-1-orpin.vercel.app/api/review".
(anonymous) @ index-TqaWaDy8.js:365
Sl @ index-TqaWaDy8.js:365
_c @ index-TqaWaDy8.js:365
await in _c
(anonymous) @ index-TqaWaDy8.js:463
await in (anonymous)
ko @ index-TqaWaDy8.js:458
await in ko
h @ index-TqaWaDy8.js:486
await in h
pm @ react-C5x9nvks.js:48
(anonymous) @ react-C5x9nvks.js:48
bf @ react-C5x9nvks.js:48
Gc @ react-C5x9nvks.js:48
lo @ react-C5x9nvks.js:49
Bg @ react-C5x9nvks.js:49
23:44:55.442  Fetch finished loading: POST "https://arc-1-orpin.vercel.app/api/review".
(anonymous) @ index-TqaWaDy8.js:365
Sl @ index-TqaWaDy8.js:365
_c @ index-TqaWaDy8.js:365
await in _c
(anonymous) @ index-TqaWaDy8.js:463
await in (anonymous)
ko @ index-TqaWaDy8.js:458
await in ko
h @ index-TqaWaDy8.js:486
await in h
pm @ react-C5x9nvks.js:48
(anonymous) @ react-C5x9nvks.js:48
bf @ react-C5x9nvks.js:48
Gc @ react-C5x9nvks.js:48
lo @ react-C5x9nvks.js:49
Bg @ react-C5x9nvks.js:49
23:44:56.377  Fetch finished loading: POST "https://arc-1-orpin.vercel.app/api/review".
(anonymous) @ index-TqaWaDy8.js:365
Sl @ index-TqaWaDy8.js:365
_c @ index-TqaWaDy8.js:365
await in _c
(anonymous) @ index-TqaWaDy8.js:463
await in (anonymous)
ko @ index-TqaWaDy8.js:458
await in ko
h @ index-TqaWaDy8.js:486
await in h
pm @ react-C5x9nvks.js:48
(anonymous) @ react-C5x9nvks.js:48
bf @ react-C5x9nvks.js:48
Gc @ react-C5x9nvks.js:48
lo @ react-C5x9nvks.js:49
Bg @ react-C5x9nvks.js:49
23:44:57.151  Fetch finished loading: POST "https://arc-1-orpin.vercel.app/api/review".
(anonymous) @ index-TqaWaDy8.js:365
Sl @ index-TqaWaDy8.js:365
_c @ index-TqaWaDy8.js:365
await in _c
(anonymous) @ index-TqaWaDy8.js:463
await in (anonymous)
ko @ index-TqaWaDy8.js:458
await in ko
h @ index-TqaWaDy8.js:486
await in h
pm @ react-C5x9nvks.js:48
(anonymous) @ react-C5x9nvks.js:48
bf @ react-C5x9nvks.js:48
Gc @ react-C5x9nvks.js:48
lo @ react-C5x9nvks.js:49
Bg @ react-C5x9nvks.js:49
23:45:01.556  Fetch finished loading: POST "https://firestore.googleapis.com/google.firestore.v1.Firestore/Listen/channel?VER=8&database=projects%2Fgen-lang-client-0880960511%2Fdatabases%2Fai-studio-2ae3d9c3-70e6-4323-8a95-9d566bd24635&gsessionid=QyqPGquhjcWOGv8uowxbtRto0oDWo6gV5dUAWFLDgskgJNgTq0DfkA&SID=GXWkveTzX8bMcYo8qR8Cxg&RID=36929&AID=285&zx=crd81t9qx0vc&t=1".
n.send @ firebase-hk0j4Ic4.js:2060
n.ea @ firebase-hk0j4Ic4.js:2062
Cc @ firebase-hk0j4Ic4.js:2059
$s @ firebase-hk0j4Ic4.js:2059
Xc @ firebase-hk0j4Ic4.js:2063
n.Ea @ firebase-hk0j4Ic4.js:2063
y @ firebase-hk0j4Ic4.js:2055
Promise.then
Ee @ firebase-hk0j4Ic4.js:2055
li @ firebase-hk0j4Ic4.js:2063
xe.o @ firebase-hk0j4Ic4.js:2063
Jo @ firebase-hk0j4Ic4.js:3271
send @ firebase-hk0j4Ic4.js:3256
q_ @ firebase-hk0j4Ic4.js:3331
Z_ @ firebase-hk0j4Ic4.js:3331
Oa @ firebase-hk0j4Ic4.js:3362
gf @ firebase-hk0j4Ic4.js:3362
Af @ firebase-hk0j4Ic4.js:3440
await in Af
Bw @ firebase-hk0j4Ic4.js:3440
Ua @ firebase-hk0j4Ic4.js:3425
(anonymous) @ firebase-hk0j4Ic4.js:3485
(anonymous) @ firebase-hk0j4Ic4.js:3485
await in (anonymous)
(anonymous) @ firebase-hk0j4Ic4.js:3560
(anonymous) @ firebase-hk0j4Ic4.js:3560
Promise.then
cc @ firebase-hk0j4Ic4.js:3560
enqueue @ firebase-hk0j4Ic4.js:3560
enqueueAndForget @ firebase-hk0j4Ic4.js:3560
sv @ firebase-hk0j4Ic4.js:3485
JA @ firebase-hk0j4Ic4.js:3771
Ys @ index-TqaWaDy8.js:458
ko @ index-TqaWaDy8.js:465
await in ko
h @ index-TqaWaDy8.js:486
await in h
pm @ react-C5x9nvks.js:48
(anonymous) @ react-C5x9nvks.js:48
bf @ react-C5x9nvks.js:48
Gc @ react-C5x9nvks.js:48
lo @ react-C5x9nvks.js:49
Bg @ react-C5x9nvks.js:49
23:45:01.790  Fetch finished loading: POST "https://firestore.googleapis.com/google.firestore.v1.Firestore/Write/channel?VER=8&database=projects%2Fgen-lang-client-0880960511%2Fdatabases%2Fai-studio-2ae3d9c3-70e6-4323-8a95-9d566bd24635&gsessionid=St2IyxGq9_ChhE7LdSATLJzg2N0NtGubZZQ7CS6ucxaqRx0JrzZBfA&SID=dCj0h9I0xIU5Ql7s_VVYFw&RID=54122&AID=19&zx=d4enhqzb1dmx&t=1".
n.send @ firebase-hk0j4Ic4.js:2060
n.ea @ firebase-hk0j4Ic4.js:2062
Cc @ firebase-hk0j4Ic4.js:2059
$s @ firebase-hk0j4Ic4.js:2059
Xc @ firebase-hk0j4Ic4.js:2063
n.Ea @ firebase-hk0j4Ic4.js:2063
y @ firebase-hk0j4Ic4.js:2055
Promise.then
Ee @ firebase-hk0j4Ic4.js:2055
li @ firebase-hk0j4Ic4.js:2063
xe.o @ firebase-hk0j4Ic4.js:2063
Jo @ firebase-hk0j4Ic4.js:3271
send @ firebase-hk0j4Ic4.js:3256
q_ @ firebase-hk0j4Ic4.js:3331
ea @ firebase-hk0j4Ic4.js:3331
Sw @ firebase-hk0j4Ic4.js:3362
Rs @ firebase-hk0j4Ic4.js:3362
await in Rs
zw @ firebase-hk0j4Ic4.js:3440
await in zw
(anonymous) @ firebase-hk0j4Ic4.js:3485
await in (anonymous)
(anonymous) @ firebase-hk0j4Ic4.js:3560
(anonymous) @ firebase-hk0j4Ic4.js:3560
Promise.then
cc @ firebase-hk0j4Ic4.js:3560
enqueue @ firebase-hk0j4Ic4.js:3560
enqueueAndForget @ firebase-hk0j4Ic4.js:3560
ov @ firebase-hk0j4Ic4.js:3485
Xr @ firebase-hk0j4Ic4.js:3771
ZA @ firebase-hk0j4Ic4.js:3771
Ys @ index-TqaWaDy8.js:458
await in Ys
ko @ index-TqaWaDy8.js:465
await in ko
h @ index-TqaWaDy8.js:486
await in h
pm @ react-C5x9nvks.js:48
(anonymous) @ react-C5x9nvks.js:48
bf @ react-C5x9nvks.js:48
Gc @ react-C5x9nvks.js:48
lo @ react-C5x9nvks.js:49
Bg @ react-C5x9nvks.js:49
23:45:01.791  Fetch finished loading: POST "https://firestore.googleapis.com/google.firestore.v1.Firestore/Listen/channel?VER=8&database=projects%2Fgen-lang-client-0880960511%2Fdatabases%2Fai-studio-2ae3d9c3-70e6-4323-8a95-9d566bd24635&gsessionid=QyqPGquhjcWOGv8uowxbtRto0oDWo6gV5dUAWFLDgskgJNgTq0DfkA&SID=GXWkveTzX8bMcYo8qR8Cxg&RID=36930&AID=291&zx=grd1n8kph0bv&t=1".
n.send @ firebase-hk0j4Ic4.js:2060
n.ea @ firebase-hk0j4Ic4.js:2062
Cc @ firebase-hk0j4Ic4.js:2059
$s @ firebase-hk0j4Ic4.js:2059
Xc @ firebase-hk0j4Ic4.js:2063
n.Ea @ firebase-hk0j4Ic4.js:2063
y @ firebase-hk0j4Ic4.js:2055
Promise.then
Ee @ firebase-hk0j4Ic4.js:2055
li @ firebase-hk0j4Ic4.js:2063
xe.o @ firebase-hk0j4Ic4.js:2063
Jo @ firebase-hk0j4Ic4.js:3271
send @ firebase-hk0j4Ic4.js:3256
q_ @ firebase-hk0j4Ic4.js:3331
X_ @ firebase-hk0j4Ic4.js:3331
_f @ firebase-hk0j4Ic4.js:3362
Va @ firebase-hk0j4Ic4.js:3362
(anonymous) @ firebase-hk0j4Ic4.js:3440
Promise.then
$w @ firebase-hk0j4Ic4.js:3440
Ba @ firebase-hk0j4Ic4.js:3425
(anonymous) @ firebase-hk0j4Ic4.js:3485
(anonymous) @ firebase-hk0j4Ic4.js:3560
(anonymous) @ firebase-hk0j4Ic4.js:3560
Promise.then
cc @ firebase-hk0j4Ic4.js:3560
enqueue @ firebase-hk0j4Ic4.js:3560
enqueueAndForget @ firebase-hk0j4Ic4.js:3560
next @ firebase-hk0j4Ic4.js:3485
(anonymous) @ firebase-hk0j4Ic4.js:3470
setTimeout
Ou @ firebase-hk0j4Ic4.js:3470
next @ firebase-hk0j4Ic4.js:3470
ka @ firebase-hk0j4Ic4.js:3425
Fa @ firebase-hk0j4Ic4.js:3425
Ow @ firebase-hk0j4Ic4.js:3425
Gr @ firebase-hk0j4Ic4.js:3440
await in Gr
Rf @ firebase-hk0j4Ic4.js:3440
await in Rf
(anonymous) @ firebase-hk0j4Ic4.js:3362
Aw @ firebase-hk0j4Ic4.js:3362
await in Aw
onNext @ firebase-hk0j4Ic4.js:3331
(anonymous) @ firebase-hk0j4Ic4.js:3331
(anonymous) @ firebase-hk0j4Ic4.js:3331
(anonymous) @ firebase-hk0j4Ic4.js:3560
(anonymous) @ firebase-hk0j4Ic4.js:3560
Promise.then
cc @ firebase-hk0j4Ic4.js:3560
enqueue @ firebase-hk0j4Ic4.js:3560
enqueueAndForget @ firebase-hk0j4Ic4.js:3560
(anonymous) @ firebase-hk0j4Ic4.js:3331
(anonymous) @ firebase-hk0j4Ic4.js:3331
__ @ firebase-hk0j4Ic4.js:3256
(anonymous) @ firebase-hk0j4Ic4.js:3271
(anonymous) @ firebase-hk0j4Ic4.js:3271
ni @ firebase-hk0j4Ic4.js:2055
be @ firebase-hk0j4Ic4.js:2055
En.qa @ firebase-hk0j4Ic4.js:2063
zs @ firebase-hk0j4Ic4.js:2060
wt.Y @ firebase-hk0j4Ic4.js:2059
wt.ba @ firebase-hk0j4Ic4.js:2059
ni @ firebase-hk0j4Ic4.js:2055
be @ firebase-hk0j4Ic4.js:2055
Kc @ firebase-hk0j4Ic4.js:2062
n.Xa @ firebase-hk0j4Ic4.js:2062
n.Ca @ firebase-hk0j4Ic4.js:2062
or @ firebase-hk0j4Ic4.js:2061
n.Ma @ firebase-hk0j4Ic4.js:2060
Promise.then
Hc @ firebase-hk0j4Ic4.js:2060
n.Ma @ firebase-hk0j4Ic4.js:2060
Promise.then
Hc @ firebase-hk0j4Ic4.js:2060
n.Ma @ firebase-hk0j4Ic4.js:2060
Promise.then
Hc @ firebase-hk0j4Ic4.js:2060
n.Ma @ firebase-hk0j4Ic4.js:2060
Promise.then
Hc @ firebase-hk0j4Ic4.js:2060
n.Ma @ firebase-hk0j4Ic4.js:2060
Promise.then
Hc @ firebase-hk0j4Ic4.js:2060
n.Ma @ firebase-hk0j4Ic4.js:2060
Promise.then
Hc @ firebase-hk0j4Ic4.js:2060
n.Ma @ firebase-hk0j4Ic4.js:2060
Promise.then
Hc @ firebase-hk0j4Ic4.js:2060
n.Ma @ firebase-hk0j4Ic4.js:2060
Promise.then
Hc @ firebase-hk0j4Ic4.js:2060
n.Ma @ firebase-hk0j4Ic4.js:2060
Promise.then
Hc @ firebase-hk0j4Ic4.js:2060
n.Ma @ firebase-hk0j4Ic4.js:2060
Promise.then
Hc @ firebase-hk0j4Ic4.js:2060
n.Ma @ firebase-hk0j4Ic4.js:2060
Promise.then
Hc @ firebase-hk0j4Ic4.js:2060
n.Ma @ firebase-hk0j4Ic4.js:2060
Promise.then
Hc @ firebase-hk0j4Ic4.js:2060
n.Ma @ firebase-hk0j4Ic4.js:2060
Promise.then
Hc @ firebase-hk0j4Ic4.js:2060
n.Ma @ firebase-hk0j4Ic4.js:2060
Promise.then
Hc @ firebase-hk0j4Ic4.js:2060
n.Ma @ firebase-hk0j4Ic4.js:2060
Promise.then
Hc @ firebase-hk0j4Ic4.js:2060
n.Ma @ firebase-hk0j4Ic4.js:2060
Promise.then
Hc @ firebase-hk0j4Ic4.js:2060
n.Ma @ firebase-hk0j4Ic4.js:2060
Promise.then
Hc @ firebase-hk0j4Ic4.js:2060
n.Ma @ firebase-hk0j4Ic4.js:2060
Promise.then
Hc @ firebase-hk0j4Ic4.js:2060
n.Ma @ firebase-hk0j4Ic4.js:2060
Promise.then
Hc @ firebase-hk0j4Ic4.js:2060
n.Ma @ firebase-hk0j4Ic4.js:2060
Promise.then
Hc @ firebase-hk0j4Ic4.js:2060
n.Ma @ firebase-hk0j4Ic4.js:2060
Promise.then
Hc @ firebase-hk0j4Ic4.js:2060
n.Ma @ firebase-hk0j4Ic4.js:2060
Promise.then
Hc @ firebase-hk0j4Ic4.js:2060
n.Ma @ firebase-hk0j4Ic4.js:2060
Promise.then
Hc @ firebase-hk0j4Ic4.js:2060
n.Ma @ firebase-hk0j4Ic4.js:2060
Promise.then
Hc @ firebase-hk0j4Ic4.js:2060
n.Ma @ firebase-hk0j4Ic4.js:2060
23:46:30.403  Fetch finished loading: POST "https://arc-1-orpin.vercel.app/api/review".
(anonymous) @ index-TqaWaDy8.js:365
Sl @ index-TqaWaDy8.js:365
Sl @ index-TqaWaDy8.js:365
await in Sl
_c @ index-TqaWaDy8.js:365
await in _c
ko @ index-TqaWaDy8.js:473
await in ko
h @ index-TqaWaDy8.js:486
await in h
pm @ react-C5x9nvks.js:48
(anonymous) @ react-C5x9nvks.js:48
bf @ react-C5x9nvks.js:48
Gc @ react-C5x9nvks.js:48
lo @ react-C5x9nvks.js:49
Bg @ react-C5x9nvks.js:49
23:43:58.868 index-TqaWaDy8.js:473 Multi-agent Review Error: Error: Could not parse AI response as JSON. Response: ### **SANS 10400 Compliance Review Report**
**Drawing Reference:** `78e00ba6-c8d3-4c1c-ac60-42317b426607.pdf`
**Review Date:** [Current Date]
**Reviewer:** AI Orchestrator (Visual Analysis + Consolidated Findings)

---

## **1. Executive Summary**
⚠️ **Critical Issue:** All specialized agents failed to process the drawing due to a file identification error (`<_io.BytesIO object>`). However, a **manual visual analysis** was conducted to extract key compliance concerns.

**Overall Compliance Statu
    at im (index-TqaWaDy8.js:458:1457)
    at ko (index-TqaWaDy8.js:473:249)
    at async h (index-TqaWaDy8.js:486:149938)
ko @ index-TqaWaDy8.js:473
23:44:26.277 index-TqaWaDy8.js:481 Error fetching agent knowledge: FirebaseError: Missing or insufficient permissions.
b0 @ index-TqaWaDy8.js:481
await in b0
(anonymous) @ index-TqaWaDy8.js:458
await in (anonymous)
ko @ index-TqaWaDy8.js:458
await in ko
h @ index-TqaWaDy8.js:486
await in h
pm @ react-C5x9nvks.js:48
(anonymous) @ react-C5x9nvks.js:48
bf @ react-C5x9nvks.js:48
Gc @ react-C5x9nvks.js:48
lo @ react-C5x9nvks.js:49
Bg @ react-C5x9nvks.js:49
23:44:26.278 index-TqaWaDy8.js:481 Error fetching agent knowledge: FirebaseError: Missing or insufficient permissions.
b0 @ index-TqaWaDy8.js:481
await in b0
(anonymous) @ index-TqaWaDy8.js:458
await in (anonymous)
ko @ index-TqaWaDy8.js:458
await in ko
h @ index-TqaWaDy8.js:486
await in h
pm @ react-C5x9nvks.js:48
(anonymous) @ react-C5x9nvks.js:48
bf @ react-C5x9nvks.js:48
Gc @ react-C5x9nvks.js:48
lo @ react-C5x9nvks.js:49
Bg @ react-C5x9nvks.js:49
23:44:26.307 index-TqaWaDy8.js:481 Error fetching agent knowledge: FirebaseError: Missing or insufficient permissions.
b0 @ index-TqaWaDy8.js:481
await in b0
(anonymous) @ index-TqaWaDy8.js:458
await in (anonymous)
ko @ index-TqaWaDy8.js:458
await in ko
h @ index-TqaWaDy8.js:486
await in h
pm @ react-C5x9nvks.js:48
(anonymous) @ react-C5x9nvks.js:48
bf @ react-C5x9nvks.js:48
Gc @ react-C5x9nvks.js:48
lo @ react-C5x9nvks.js:49
Bg @ react-C5x9nvks.js:49
23:44:26.309 index-TqaWaDy8.js:481 Error fetching agent knowledge: FirebaseError: Missing or insufficient permissions.
b0 @ index-TqaWaDy8.js:481
await in b0
(anonymous) @ index-TqaWaDy8.js:458
await in (anonymous)
ko @ index-TqaWaDy8.js:458
await in ko
h @ index-TqaWaDy8.js:486
await in h
pm @ react-C5x9nvks.js:48
(anonymous) @ react-C5x9nvks.js:48
bf @ react-C5x9nvks.js:48
Gc @ react-C5x9nvks.js:48
lo @ react-C5x9nvks.js:49
Bg @ react-C5x9nvks.js:49
23:44:26.310 index-TqaWaDy8.js:481 Error fetching agent knowledge: FirebaseError: Missing or insufficient permissions.
b0 @ index-TqaWaDy8.js:481
await in b0
(anonymous) @ index-TqaWaDy8.js:458
await in (anonymous)
ko @ index-TqaWaDy8.js:458
await in ko
h @ index-TqaWaDy8.js:486
await in h
pm @ react-C5x9nvks.js:48
(anonymous) @ react-C5x9nvks.js:48
bf @ react-C5x9nvks.js:48
Gc @ react-C5x9nvks.js:48
lo @ react-C5x9nvks.js:49
Bg @ react-C5x9nvks.js:49
23:44:26.313 index-TqaWaDy8.js:481 Error fetching agent knowledge: FirebaseError: Missing or insufficient permissions.
b0 @ index-TqaWaDy8.js:481
await in b0
(anonymous) @ index-TqaWaDy8.js:458
await in (anonymous)
ko @ index-TqaWaDy8.js:458
await in ko
h @ index-TqaWaDy8.js:486
await in h
pm @ react-C5x9nvks.js:48
(anonymous) @ react-C5x9nvks.js:48
bf @ react-C5x9nvks.js:48
Gc @ react-C5x9nvks.js:48
lo @ react-C5x9nvks.js:49
Bg @ react-C5x9nvks.js:49
23:44:58.002 index-TqaWaDy8.js:481  POST https://arc-1-orpin.vercel.app/api/agent/search 400 (Bad Request)
ok @ index-TqaWaDy8.js:481
await in ok
ko @ index-TqaWaDy8.js:463
await in ko
h @ index-TqaWaDy8.js:486
await in h
pm @ react-C5x9nvks.js:48
(anonymous) @ react-C5x9nvks.js:48
bf @ react-C5x9nvks.js:48
Gc @ react-C5x9nvks.js:48
lo @ react-C5x9nvks.js:49
Bg @ react-C5x9nvks.js:49
23:44:58.002 index-TqaWaDy8.js:481 Web search failed: Error: Search failed: 
    at ok (index-TqaWaDy8.js:481:53182)
    at async ko (index-TqaWaDy8.js:463:1025)
    at async h (index-TqaWaDy8.js:486:149938)
ok @ index-TqaWaDy8.js:481
await in ok
ko @ index-TqaWaDy8.js:463
await in ko
h @ index-TqaWaDy8.js:486
await in h
pm @ react-C5x9nvks.js:48
(anonymous) @ react-C5x9nvks.js:48
bf @ react-C5x9nvks.js:48
Gc @ react-C5x9nvks.js:48
lo @ react-C5x9nvks.js:49
Bg @ react-C5x9nvks.js:49
23:44:58.855 index-TqaWaDy8.js:481  POST https://arc-1-orpin.vercel.app/api/agent/search 400 (Bad Request)
ok @ index-TqaWaDy8.js:481
await in ok
ko @ index-TqaWaDy8.js:463
await in ko
h @ index-TqaWaDy8.js:486
await in h
pm @ react-C5x9nvks.js:48
(anonymous) @ react-C5x9nvks.js:48
bf @ react-C5x9nvks.js:48
Gc @ react-C5x9nvks.js:48
lo @ react-C5x9nvks.js:49
Bg @ react-C5x9nvks.js:49
23:44:58.856 index-TqaWaDy8.js:481 Web search failed: Error: Search failed: 
    at ok (index-TqaWaDy8.js:481:53182)
    at async ko (index-TqaWaDy8.js:463:1025)
    at async h (index-TqaWaDy8.js:486:149938)
ok @ index-TqaWaDy8.js:481
await in ok
ko @ index-TqaWaDy8.js:463
await in ko
h @ index-TqaWaDy8.js:486
await in h
pm @ react-C5x9nvks.js:48
(anonymous) @ react-C5x9nvks.js:48
bf @ react-C5x9nvks.js:48
Gc @ react-C5x9nvks.js:48
lo @ react-C5x9nvks.js:49
Bg @ react-C5x9nvks.js:49
23:44:59.688 index-TqaWaDy8.js:481  POST https://arc-1-orpin.vercel.app/api/agent/search 400 (Bad Request)
ok @ index-TqaWaDy8.js:481
await in ok
ko @ index-TqaWaDy8.js:463
await in ko
h @ index-TqaWaDy8.js:486
await in h
pm @ react-C5x9nvks.js:48
(anonymous) @ react-C5x9nvks.js:48
bf @ react-C5x9nvks.js:48
Gc @ react-C5x9nvks.js:48
lo @ react-C5x9nvks.js:49
Bg @ react-C5x9nvks.js:49
23:44:59.689 index-TqaWaDy8.js:481 Web search failed: Error: Search failed: 
    at ok (index-TqaWaDy8.js:481:53182)
    at async ko (index-TqaWaDy8.js:463:1025)
    at async h (index-TqaWaDy8.js:486:149938)
ok @ index-TqaWaDy8.js:481
await in ok
ko @ index-TqaWaDy8.js:463
await in ko
h @ index-TqaWaDy8.js:486
await in h
pm @ react-C5x9nvks.js:48
(anonymous) @ react-C5x9nvks.js:48
bf @ react-C5x9nvks.js:48
Gc @ react-C5x9nvks.js:48
lo @ react-C5x9nvks.js:49
Bg @ react-C5x9nvks.js:49
23:45:00.522 index-TqaWaDy8.js:481  POST https://arc-1-orpin.vercel.app/api/agent/search 400 (Bad Request)
ok @ index-TqaWaDy8.js:481
await in ok
ko @ index-TqaWaDy8.js:463
await in ko
h @ index-TqaWaDy8.js:486
await in h
pm @ react-C5x9nvks.js:48
(anonymous) @ react-C5x9nvks.js:48
bf @ react-C5x9nvks.js:48
Gc @ react-C5x9nvks.js:48
lo @ react-C5x9nvks.js:49
Bg @ react-C5x9nvks.js:49
23:45:00.522 index-TqaWaDy8.js:481 Web search failed: Error: Search failed: 
    at ok (index-TqaWaDy8.js:481:53182)
    at async ko (index-TqaWaDy8.js:463:1025)
    at async h (index-TqaWaDy8.js:486:149938)
ok @ index-TqaWaDy8.js:481
await in ok
ko @ index-TqaWaDy8.js:463
await in ko
h @ index-TqaWaDy8.js:486
await in h
pm @ react-C5x9nvks.js:48
(anonymous) @ react-C5x9nvks.js:48
bf @ react-C5x9nvks.js:48
Gc @ react-C5x9nvks.js:48
lo @ react-C5x9nvks.js:49
Bg @ react-C5x9nvks.js:49
23:45:01.355 index-TqaWaDy8.js:481  POST https://arc-1-orpin.vercel.app/api/agent/search 400 (Bad Request)
ok @ index-TqaWaDy8.js:481
await in ok
ko @ index-TqaWaDy8.js:463
await in ko
h @ index-TqaWaDy8.js:486
await in h
pm @ react-C5x9nvks.js:48
(anonymous) @ react-C5x9nvks.js:48
bf @ react-C5x9nvks.js:48
Gc @ react-C5x9nvks.js:48
lo @ react-C5x9nvks.js:49
Bg @ react-C5x9nvks.js:49
23:45:01.355 index-TqaWaDy8.js:481 Web search failed: Error: Search failed: 
    at ok (index-TqaWaDy8.js:481:53182)
    at async ko (index-TqaWaDy8.js:463:1025)
    at async h (index-TqaWaDy8.js:486:149938)
ok @ index-TqaWaDy8.js:481
await in ok
ko @ index-TqaWaDy8.js:463
await in ko
h @ index-TqaWaDy8.js:486
await in h
pm @ react-C5x9nvks.js:48
(anonymous) @ react-C5x9nvks.js:48
bf @ react-C5x9nvks.js:48
Gc @ react-C5x9nvks.js:48
lo @ react-C5x9nvks.js:49
Bg @ react-C5x9nvks.js:49
23:47:16.946 Fetch failed loading: GET "<URL>".
23:47:16.946 Fetch failed loading: GET "<URL>".
23:47:16.946 Fetch failed loading: GET "<URL>".
23:47:16.946 Fetch failed loading: GET "<URL>".
23:47:16.946 Fetch failed loading: GET "<URL>".
23:45:47.888 index-TqaWaDy8.js:365  POST https://arc-1-orpin.vercel.app/api/review 500 (Internal Server Error)
(anonymous) @ index-TqaWaDy8.js:365
Sl @ index-TqaWaDy8.js:365
_c @ index-TqaWaDy8.js:365
await in _c
ko @ index-TqaWaDy8.js:473
await in ko
h @ index-TqaWaDy8.js:486
await in h
pm @ react-C5x9nvks.js:48
(anonymous) @ react-C5x9nvks.js:48
bf @ react-C5x9nvks.js:48
Gc @ react-C5x9nvks.js:48
lo @ react-C5x9nvks.js:49
Bg @ react-C5x9nvks.js:49
23:45:47.889 index-TqaWaDy8.js:365 Retrying... 3 attempts remaining
23:46:30.399 index-TqaWaDy8.js:473 Multi-agent Review Error: Error: Could not parse AI response as JSON. Response: # **SANS 10400 Compliance Assessment Report**
**Drawing:** `proposed_floor_plan.png`
**Assessment Date:** [Current Date]
**Prepared by:** AI Orchestrator (Consolidated from Specialized Agents)

---

## **📌 Executive Summary**
The proposed floor plan **FAILS to comply** with **SANS 10400** across multiple critical categories, including:
- **Structural Integrity** (Wall Thickness, DPC, Lintels)
- **Fenestration & Ventilation** (Natural Light, Ventilation, Safety Glazing)
- **Fire Safety & Egress*
    at im (index-TqaWaDy8.js:458:1457)
    at ko (index-TqaWaDy8.js:473:249)
    at async h (index-TqaWaDy8.js:486:149938)
ko @ index-TqaWaDy8.js:473
await in ko
h @ index-TqaWaDy8.js:486
await in h
pm @ react-C5x9nvks.js:48
(anonymous) @ react-C5x9nvks.js:48
bf @ react-C5x9nvks.js:48
Gc @ react-C5x9nvks.js:48
lo @ react-C5x9nvks.js:49
Bg @ react-C5x9nvks.js:49
