// Vitest Snapshot v1, https://vitest.dev/guide/snapshot.html

exports[`api-router route inventory > categorizes canonical routes by implemented domain and auth expectation 1`] = `
[
  {
    "authExpectation": "authenticated",
    "canonicalPath": "/directory/search",
    "domain": "directory",
    "method": "get",
  },
  {
    "authExpectation": "authenticated",
    "canonicalPath": "/directory/invitations",
    "domain": "directory",
    "method": "post",
  },
  {
    "authExpectation": "authenticated",
    "canonicalPath": "/directory/invitations/:invitationId/respond",
    "domain": "directory",
    "method": "post",
  },
  {
    "authExpectation": "public",
    "canonicalPath": "/health",
    "domain": "platform",
    "method": "get",
  },
  {
    "authExpectation": "authenticated",
    "canonicalPath": "/project-briefs",
    "domain": "briefs",
    "method": "post",
  },
  {
    "authExpectation": "authenticated",
    "canonicalPath": "/project-briefs",
    "domain": "briefs",
    "method": "get",
  },
  {
    "authExpectation": "authenticated",
    "canonicalPath": "/project-briefs/:briefId",
    "domain": "briefs",
    "method": "get",
  },
  {
    "authExpectation": "authenticated",
    "canonicalPath": "/project-briefs/:briefId/attachments",
    "domain": "briefs",
    "method": "post",
  },
  {
    "authExpectation": "authenticated",
    "canonicalPath": "/project-briefs/:briefId/interpretations",
    "domain": "briefs",
    "method": "post",
  },
  {
    "authExpectation": "authenticated",
    "canonicalPath": "/auth/check-admin",
    "domain": "auth",
    "method": "post",
  },
  {
    "authExpectation": "authenticated",
    "canonicalPath": "/profile/me",
    "domain": "profile",
    "method": "get",
  },
  {
    "authExpectation": "authenticated",
    "canonicalPath": "/profile/me",
    "domain": "profile",
    "method": "put",
  },
  {
    "authExpectation": "authenticated",
    "canonicalPath": "/governance/records",
    "domain": "governance",
    "method": "post",
  },
  {
    "authExpectation": "authenticated",
    "canonicalPath": "/governance/records",
    "domain": "governance",
    "method": "get",
  },
  {
    "authExpectation": "authenticated",
    "canonicalPath": "/users/:userId/profile",
    "domain": "profile",
    "method": "put",
  },
  {
    "authExpectation": "admin",
    "canonicalPath": "/admin/users/:userId/profile",
    "domain": "profile",
    "method": "put",
  },
  {
    "authExpectation": "authenticated",
    "canonicalPath": "/client-briefs",
    "domain": "briefs",
    "method": "post",
  },
  {
    "authExpectation": "authenticated",
    "canonicalPath": "/client-briefs/:briefId",
    "domain": "briefs",
    "method": "get",
  },
  {
    "authExpectation": "authenticated",
    "canonicalPath": "/client-briefs/:briefId",
    "domain": "briefs",
    "method": "put",
  },
  {
    "authExpectation": "authenticated",
    "canonicalPath": "/client-briefs/:briefId/assign-bep",
    "domain": "briefs",
    "method": "post",
  },
  {
    "authExpectation": "authenticated",
    "canonicalPath": "/client-briefs/:briefId/technical-brief",
    "domain": "briefs",
    "method": "put",
  },
  {
    "authExpectation": "authenticated",
    "canonicalPath": "/client-briefs/:briefId/appoint-bep",
    "domain": "briefs",
    "method": "post",
  },
  {
    "authExpectation": "authenticated",
    "canonicalPath": "/projects/:projectId/command-centre",
    "domain": "projects",
    "method": "get",
  },
  {
    "authExpectation": "authenticated",
    "canonicalPath": "/projects/:projectId/documents",
    "domain": "projects",
    "method": "post",
  },
  {
    "authExpectation": "authenticated",
    "canonicalPath": "/projects/:projectId/document-versions",
    "domain": "projects",
    "method": "post",
  },
  {
    "authExpectation": "authenticated",
    "canonicalPath": "/projects/:projectId/tasks",
    "domain": "projects",
    "method": "post",
  },
  {
    "authExpectation": "authenticated",
    "canonicalPath": "/projects/:projectId/approvals",
    "domain": "projects",
    "method": "post",
  },
  {
    "authExpectation": "authenticated",
    "canonicalPath": "/projects/:projectId/message-threads",
    "domain": "projects",
    "method": "post",
  },
  {
    "authExpectation": "authenticated",
    "canonicalPath": "/projects/:projectId/messages",
    "domain": "projects",
    "method": "post",
  },
  {
    "authExpectation": "authenticated",
    "canonicalPath": "/projects/:projectId/transmittals",
    "domain": "projects",
    "method": "post",
  },
  {
    "authExpectation": "authenticated",
    "canonicalPath": "/projects/:projectId/ai-issues",
    "domain": "projects",
    "method": "post",
  },
  {
    "authExpectation": "authenticated",
    "canonicalPath": "/projects/:projectId/ai-issues/:issueId/resolve",
    "domain": "projects",
    "method": "post",
  },
  {
    "authExpectation": "authenticated",
    "canonicalPath": "/projects/:projectId/ai-issues/:issueId/review",
    "domain": "projects",
    "method": "post",
  },
  {
    "authExpectation": "authenticated",
    "canonicalPath": "/ai/action-logs",
    "domain": "ai",
    "method": "post",
  },
  {
    "authExpectation": "admin",
    "canonicalPath": "/admin/ai-review/:itemId/resolve",
    "domain": "ai",
    "method": "post",
  },
  {
    "authExpectation": "authenticated",
    "canonicalPath": "/projects/:projectId/work-packages",
    "domain": "projects",
    "method": "post",
  },
  {
    "authExpectation": "authenticated",
    "canonicalPath": "/projects/:projectId/work-packages/:packageId/applications",
    "domain": "projects",
    "method": "post",
  },
  {
    "authExpectation": "authenticated",
    "canonicalPath": "/projects/:projectId/work-packages/:packageId/applications/:applicationId/assign",
    "domain": "projects",
    "method": "post",
  },
  {
    "authExpectation": "authenticated",
    "canonicalPath": "/projects/:projectId/work-packages/:packageId/submissions",
    "domain": "projects",
    "method": "post",
  },
  {
    "authExpectation": "authenticated",
    "canonicalPath": "/projects/:projectId/work-packages/:packageId/submissions/:submissionId/review",
    "domain": "projects",
    "method": "post",
  },
  {
    "authExpectation": "authenticated",
    "canonicalPath": "/projects/:projectId/team-members",
    "domain": "projects",
    "method": "post",
  },
  {
    "authExpectation": "authenticated",
    "canonicalPath": "/projects/:projectId/coordination/items",
    "domain": "projects",
    "method": "post",
  },
  {
    "authExpectation": "authenticated",
    "canonicalPath": "/jobs/opportunities",
    "domain": "marketplace",
    "method": "get",
  },
  {
    "authExpectation": "authenticated",
    "canonicalPath": "/marketplace/opportunities",
    "domain": "marketplace",
    "method": "post",
  },
  {
    "authExpectation": "authenticated",
    "canonicalPath": "/marketplace/opportunities",
    "domain": "marketplace",
    "method": "get",
  },
  {
    "authExpectation": "authenticated",
    "canonicalPath": "/marketplace/opportunities/:id",
    "domain": "marketplace",
    "method": "get",
  },
  {
    "authExpectation": "authenticated",
    "canonicalPath": "/proposals",
    "domain": "marketplace",
    "method": "post",
  },
  {
    "authExpectation": "authenticated",
    "canonicalPath": "/proposals/:proposalId",
    "domain": "marketplace",
    "method": "get",
  },
  {
    "authExpectation": "authenticated",
    "canonicalPath": "/proposals/:proposalId/appointment-readiness",
    "domain": "marketplace",
    "method": "get",
  },
  {
    "authExpectation": "authenticated",
    "canonicalPath": "/projects/:projectId/submission-readiness",
    "domain": "projects",
    "method": "get",
  },
  {
    "authExpectation": "authenticated",
    "canonicalPath": "/proposals/:proposalId/compare",
    "domain": "marketplace",
    "method": "post",
  },
  {
    "authExpectation": "authenticated",
    "canonicalPath": "/jobs/:jobId/fee-proposals",
    "domain": "marketplace",
    "method": "post",
  },
  {
    "authExpectation": "authenticated",
    "canonicalPath": "/jobs/:jobId/applications",
    "domain": "marketplace",
    "method": "post",
  },
  {
    "authExpectation": "authenticated",
    "canonicalPath": "/jobs/:jobId/applications/:applicationId/accept",
    "domain": "marketplace",
    "method": "post",
  },
  {
    "authExpectation": "authenticated",
    "canonicalPath": "/review",
    "domain": "ai",
    "method": "post",
  },
  {
    "authExpectation": "authenticated",
    "canonicalPath": "/gemini/review",
    "domain": "ai",
    "method": "post",
  },
  {
    "authExpectation": "service-or-admin",
    "canonicalPath": "/agent/test-settings",
    "domain": "agent",
    "method": "post",
  },
  {
    "authExpectation": "service-or-admin",
    "canonicalPath": "/agent/search",
    "domain": "agent",
    "method": "post",
  },
  {
    "authExpectation": "authenticated",
    "canonicalPath": "/files/upload",
    "domain": "files",
    "method": "post",
  },
  {
    "authExpectation": "authenticated",
    "canonicalPath": "/photos/upload",
    "domain": "files",
    "method": "post",
  },
  {
    "authExpectation": "authenticated",
    "canonicalPath": "/files/delete",
    "domain": "files",
    "method": "post",
  },
  {
    "authExpectation": "authenticated",
    "canonicalPath": "/notifications/token",
    "domain": "notifications",
    "method": "post",
  },
  {
    "authExpectation": "authenticated",
    "canonicalPath": "/payment/escrow/init",
    "domain": "payments",
    "method": "post",
  },
  {
    "authExpectation": "authenticated",
    "canonicalPath": "/payment/milestone/release",
    "domain": "payments",
    "method": "post",
  },
  {
    "authExpectation": "signed-callback",
    "canonicalPath": "/payment/confirm",
    "domain": "payments",
    "method": "post",
  },
  {
    "authExpectation": "authenticated",
    "canonicalPath": "/payment/milestone/request",
    "domain": "payments",
    "method": "post",
  },
  {
    "authExpectation": "authenticated",
    "canonicalPath": "/payment/refund/request",
    "domain": "payments",
    "method": "post",
  },
  {
    "authExpectation": "authenticated",
    "canonicalPath": "/payment/refund/requests",
    "domain": "payments",
    "method": "get",
  },
  {
    "authExpectation": "authenticated",
    "canonicalPath": "/payment/refund/:requestId/process",
    "domain": "payments",
    "method": "post",
  },
  {
    "authExpectation": "authenticated",
    "canonicalPath": "/payment/refund",
    "domain": "payments",
    "method": "post",
  },
  {
    "authExpectation": "webhook",
    "canonicalPath": "/payment/notify",
    "domain": "payments",
    "method": "post",
  },
  {
    "authExpectation": "authenticated",
    "canonicalPath": "/resources/centre",
    "domain": "resources",
    "method": "post",
  },
  {
    "authExpectation": "authenticated",
    "canonicalPath": "/resources/centre",
    "domain": "resources",
    "method": "get",
  },
  {
    "authExpectation": "authenticated",
    "canonicalPath": "/projects/:projectId/checklists/drawing",
    "domain": "projects",
    "method": "post",
  },
  {
    "authExpectation": "authenticated",
    "canonicalPath": "/projects/:projectId/checklists/drawing/:checklistId/items/:itemId/status",
    "domain": "projects",
    "method": "post",
  },
  {
    "authExpectation": "authenticated",
    "canonicalPath": "/projects/:projectId/checklists/drawing",
    "domain": "projects",
    "method": "get",
  },
  {
    "authExpectation": "authenticated",
    "canonicalPath": "/projects/:projectId/municipal/submissions",
    "domain": "projects",
    "method": "post",
  },
  {
    "authExpectation": "authenticated",
    "canonicalPath": "/projects/:projectId/municipal/submissions/:submissionId/status",
    "domain": "projects",
    "method": "post",
  },
  {
    "authExpectation": "authenticated",
    "canonicalPath": "/projects/:projectId/municipal/status",
    "domain": "projects",
    "method": "get",
  },
  {
    "authExpectation": "authenticated",
    "canonicalPath": "/track-municipality",
    "domain": "municipal",
    "method": "post",
  },
  {
    "authExpectation": "service-or-admin",
    "canonicalPath": "/agent/scope",
    "domain": "agent",
    "method": "post",
  },
  {
    "authExpectation": "authenticated",
    "canonicalPath": "/municipal/scrape",
    "domain": "municipal",
    "method": "post",
  },
  {
    "authExpectation": "authenticated",
    "canonicalPath": "/municipal/credentials",
    "domain": "municipal",
    "method": "post",
  },
  {
    "authExpectation": "authenticated",
    "canonicalPath": "/municipal/settings",
    "domain": "municipal",
    "method": "get",
  },
  {
    "authExpectation": "authenticated",
    "canonicalPath": "/municipal/ocr",
    "domain": "municipal",
    "method": "post",
  },
  {
    "authExpectation": "authenticated",
    "canonicalPath": "/municipal/heatmap/:municipality",
    "domain": "municipal",
    "method": "get",
  },
  {
    "authExpectation": "authenticated",
    "canonicalPath": "/municipal/shadow-track",
    "domain": "municipal",
    "method": "post",
  },
  {
    "authExpectation": "authenticated",
    "canonicalPath": "/municipal/submissions",
    "domain": "municipal",
    "method": "post",
  },
  {
    "authExpectation": "authenticated",
    "canonicalPath": "/municipal/submissions",
    "domain": "municipal",
    "method": "get",
  },
  {
    "authExpectation": "authenticated",
    "canonicalPath": "/verifications/me",
    "domain": "verifications",
    "method": "get",
  },
  {
    "authExpectation": "authenticated",
    "canonicalPath": "/verifications/submit",
    "domain": "verifications",
    "method": "post",
  },
  {
    "authExpectation": "admin",
    "canonicalPath": "/admin/verifications",
    "domain": "verifications",
    "method": "get",
  },
  {
    "authExpectation": "admin",
    "canonicalPath": "/admin/verifications/:verificationId/recheck",
    "domain": "verifications",
    "method": "post",
  },
  {
    "authExpectation": "admin",
    "canonicalPath": "/admin/verifications/:verificationId/review",
    "domain": "verifications",
    "method": "post",
  },
  {
    "authExpectation": "authenticated",
    "canonicalPath": "/architect/verify-sacap",
    "domain": "verifications",
    "method": "post",
  },
  {
    "authExpectation": "authenticated",
    "canonicalPath": "/municipal/crowdsource",
    "domain": "municipal",
    "method": "post",
  },
  {
    "authExpectation": "authenticated",
    "canonicalPath": "/payment/:paymentId/receipt",
    "domain": "payments",
    "method": "get",
  },
  {
    "authExpectation": "authenticated",
    "canonicalPath": "/payment/:paymentId/receipt/pdf",
    "domain": "payments",
    "method": "post",
  },
  {
    "authExpectation": "authenticated",
    "canonicalPath": "/payment/receipts",
    "domain": "payments",
    "method": "get",
  },
  {
    "authExpectation": "authenticated",
    "canonicalPath": "/api/agents",
    "domain": "agent",
    "method": "post",
  },
  {
    "authExpectation": "authenticated",
    "canonicalPath": "/api/agents/me",
    "domain": "agent",
    "method": "get",
  },
  {
    "authExpectation": "authenticated",
    "canonicalPath": "/api/jobs/:jobId/agent",
    "domain": "marketplace",
    "method": "get",
  },
  {
    "authExpectation": "authenticated",
    "canonicalPath": "/api/agents/event",
    "domain": "agent",
    "method": "post",
  },
  {
    "authExpectation": "authenticated",
    "canonicalPath": "/api/agents/:agentId/recommend",
    "domain": "agent",
    "method": "post",
  },
  {
    "authExpectation": "authenticated",
    "canonicalPath": "/api/agents/:agentId/apply",
    "domain": "agent",
    "method": "post",
  },
  {
    "authExpectation": "authenticated",
    "canonicalPath": "/api/jobs/:jobId/chat/agent-message",
    "domain": "marketplace",
    "method": "post",
  },
  {
    "authExpectation": "authenticated",
    "canonicalPath": "/procurement/scope/classify",
    "domain": "marketplace",
    "method": "post",
  },
  {
    "authExpectation": "authenticated",
    "canonicalPath": "/procurement/rfq/defaults",
    "domain": "marketplace",
    "method": "get",
  },
  {
    "authExpectation": "authenticated",
    "canonicalPath": "/procurement/rfq",
    "domain": "marketplace",
    "method": "post",
  },
  {
    "authExpectation": "authenticated",
    "canonicalPath": "/procurement/rfq/validate",
    "domain": "marketplace",
    "method": "post",
  },
  {
    "authExpectation": "authenticated",
    "canonicalPath": "/procurement/marketplace/search",
    "domain": "marketplace",
    "method": "post",
  },
  {
    "authExpectation": "authenticated",
    "canonicalPath": "/procurement/:rfqId/invitations",
    "domain": "marketplace",
    "method": "post",
  },
  {
    "authExpectation": "authenticated",
    "canonicalPath": "/procurement/:rfqId/invitations",
    "domain": "marketplace",
    "method": "get",
  },
  {
    "authExpectation": "authenticated",
    "canonicalPath": "/procurement/:rfqId/clarifications",
    "domain": "marketplace",
    "method": "post",
  },
  {
    "authExpectation": "authenticated",
    "canonicalPath": "/procurement/:rfqId/clarifications/:questionId/respond",
    "domain": "marketplace",
    "method": "post",
  },
  {
    "authExpectation": "authenticated",
    "canonicalPath": "/procurement/:rfqId/addenda",
    "domain": "marketplace",
    "method": "post",
  },
  {
    "authExpectation": "authenticated",
    "canonicalPath": "/procurement/:rfqId/addenda/:addendumId/issue",
    "domain": "marketplace",
    "method": "post",
  },
  {
    "authExpectation": "authenticated",
    "canonicalPath": "/procurement/:rfqId/quotes",
    "domain": "marketplace",
    "method": "post",
  },
  {
    "authExpectation": "authenticated",
    "canonicalPath": "/procurement/:rfqId/quotes",
    "domain": "marketplace",
    "method": "get",
  },
  {
    "authExpectation": "authenticated",
    "canonicalPath": "/procurement/:rfqId/quotes/:quoteId/validate",
    "domain": "marketplace",
    "method": "post",
  },
  {
    "authExpectation": "authenticated",
    "canonicalPath": "/procurement/:rfqId/comparison",
    "domain": "marketplace",
    "method": "get",
  },
  {
    "authExpectation": "authenticated",
    "canonicalPath": "/procurement/:rfqId/award",
    "domain": "marketplace",
    "method": "post",
  },
  {
    "authExpectation": "authenticated",
    "canonicalPath": "/procurement/:rfqId/award/:recommendationId/approve",
    "domain": "marketplace",
    "method": "post",
  },
  {
    "authExpectation": "authenticated",
    "canonicalPath": "/procurement/:rfqId/guardrails",
    "domain": "marketplace",
    "method": "post",
  },
  {
    "authExpectation": "authenticated",
    "canonicalPath": "/api/practice/timesheets",
    "domain": "practice",
    "method": "post",
  },
  {
    "authExpectation": "authenticated",
    "canonicalPath": "/api/practice/timesheets",
    "domain": "practice",
    "method": "get",
  },
  {
    "authExpectation": "authenticated",
    "canonicalPath": "/api/practice/pipeline",
    "domain": "practice",
    "method": "get",
  },
  {
    "authExpectation": "authenticated",
    "canonicalPath": "/api/practice/pipeline",
    "domain": "practice",
    "method": "post",
  },
  {
    "authExpectation": "authenticated",
    "canonicalPath": "/api/practice/tasks",
    "domain": "practice",
    "method": "get",
  },
  {
    "authExpectation": "authenticated",
    "canonicalPath": "/api/practice/tasks",
    "domain": "practice",
    "method": "post",
  },
  {
    "authExpectation": "authenticated",
    "canonicalPath": "/api/practice/registrations",
    "domain": "practice",
    "method": "get",
  },
  {
    "authExpectation": "authenticated",
    "canonicalPath": "/api/practice/registrations",
    "domain": "practice",
    "method": "post",
  },
  {
    "authExpectation": "authenticated",
    "canonicalPath": "/api/practice/templates",
    "domain": "practice",
    "method": "get",
  },
  {
    "authExpectation": "authenticated",
    "canonicalPath": "/api/practice/templates",
    "domain": "practice",
    "method": "post",
  },
  {
    "authExpectation": "authenticated",
    "canonicalPath": "/api/practice/supervision",
    "domain": "practice",
    "method": "get",
  },
  {
    "authExpectation": "authenticated",
    "canonicalPath": "/api/practice/supervision",
    "domain": "practice",
    "method": "post",
  },
  {
    "authExpectation": "authenticated",
    "canonicalPath": "/api/practice/invoice-readiness",
    "domain": "practice",
    "method": "get",
  },
  {
    "authExpectation": "authenticated",
    "canonicalPath": "/api/practice/invoice-readiness",
    "domain": "practice",
    "method": "post",
  },
  {
    "authExpectation": "public",
    "canonicalPath": "/firebase/test",
    "domain": "platform",
    "method": "get",
  },
  {
    "authExpectation": "authenticated",
    "canonicalPath": "/projects/:id/passport",
    "domain": "projects",
    "method": "get",
  },
  {
    "authExpectation": "authenticated",
    "canonicalPath": "/projects/:id/risks",
    "domain": "projects",
    "method": "get",
  },
  {
    "authExpectation": "authenticated",
    "canonicalPath": "/projects/:id/inbox-events",
    "domain": "projects",
    "method": "get",
  },
  {
    "authExpectation": "authenticated",
    "canonicalPath": "/projects/:id/appointment",
    "domain": "projects",
    "method": "get",
  },
  {
    "authExpectation": "authenticated",
    "canonicalPath": "/projects/:id/appointment",
    "domain": "projects",
    "method": "post",
  },
  {
    "authExpectation": "authenticated",
    "canonicalPath": "/projects/:id/appointment",
    "domain": "projects",
    "method": "patch",
  },
  {
    "authExpectation": "authenticated",
    "canonicalPath": "/projects/:id/kickoff",
    "domain": "projects",
    "method": "get",
  },
  {
    "authExpectation": "authenticated",
    "canonicalPath": "/projects/:id/kickoff",
    "domain": "projects",
    "method": "post",
  },
  {
    "authExpectation": "authenticated",
    "canonicalPath": "/projects/:id/kickoff/checklist",
    "domain": "projects",
    "method": "get",
  },
  {
    "authExpectation": "authenticated",
    "canonicalPath": "/projects/:id/kickoff/checklist/:itemId",
    "domain": "projects",
    "method": "post",
  },
  {
    "authExpectation": "authenticated",
    "canonicalPath": "/projects/:id/submission-readiness",
    "domain": "projects",
    "method": "get",
  },
  {
    "authExpectation": "authenticated",
    "canonicalPath": "/projects/:id/submission-readiness",
    "domain": "projects",
    "method": "post",
  },
  {
    "authExpectation": "authenticated",
    "canonicalPath": "/field-issues",
    "domain": "projects",
    "method": "post",
  },
  {
    "authExpectation": "authenticated",
    "canonicalPath": "/field-issues/:id",
    "domain": "projects",
    "method": "patch",
  },
  {
    "authExpectation": "authenticated",
    "canonicalPath": "/photo-annotations",
    "domain": "projects",
    "method": "post",
  },
  {
    "authExpectation": "authenticated",
    "canonicalPath": "/checklist-instances",
    "domain": "projects",
    "method": "post",
  },
  {
    "authExpectation": "authenticated",
    "canonicalPath": "/checklist-instances/:id/responses",
    "domain": "projects",
    "method": "patch",
  },
  {
    "authExpectation": "authenticated",
    "canonicalPath": "/field-reports",
    "domain": "projects",
    "method": "get",
  },
  {
    "authExpectation": "authenticated",
    "canonicalPath": "/field-reports/:id/export",
    "domain": "projects",
    "method": "post",
  },
  {
    "authExpectation": "authenticated",
    "canonicalPath": "/sync-queue/flush",
    "domain": "projects",
    "method": "post",
  },
  {
    "authExpectation": "authenticated",
    "canonicalPath": "/projects/:projectId/itps/:itpId/items",
    "domain": "projects",
    "method": "post",
  },
  {
    "authExpectation": "authenticated",
    "canonicalPath": "/projects/:projectId/itps/:itpId/items/:itemId",
    "domain": "projects",
    "method": "put",
  },
  {
    "authExpectation": "authenticated",
    "canonicalPath": "/projects/:projectId/itps/:itpId/items/:itemId",
    "domain": "projects",
    "method": "delete",
  },
  {
    "authExpectation": "authenticated",
    "canonicalPath": "/projects/:projectId/itps/:itpId/items/reorder",
    "domain": "projects",
    "method": "post",
  },
  {
    "authExpectation": "authenticated",
    "canonicalPath": "/projects/:projectId/inspections/request",
    "domain": "projects",
    "method": "post",
  },
  {
    "authExpectation": "authenticated",
    "canonicalPath": "/projects/:projectId/inspections/:itemId/sign-off",
    "domain": "projects",
    "method": "post",
  },
  {
    "authExpectation": "authenticated",
    "canonicalPath": "/projects/:projectId/inspections/:itemId/record",
    "domain": "projects",
    "method": "post",
  },
  {
    "authExpectation": "authenticated",
    "canonicalPath": "/projects/:projectId/inspections/:itemId/acknowledge",
    "domain": "projects",
    "method": "post",
  },
  {
    "authExpectation": "authenticated",
    "canonicalPath": "/projects/:projectId/itps",
    "domain": "projects",
    "method": "post",
  },
  {
    "authExpectation": "authenticated",
    "canonicalPath": "/projects/:projectId/itps",
    "domain": "projects",
    "method": "get",
  },
  {
    "authExpectation": "authenticated",
    "canonicalPath": "/projects/:projectId/itps/:itpId",
    "domain": "projects",
    "method": "get",
  },
  {
    "authExpectation": "authenticated",
    "canonicalPath": "/projects/:projectId/itps/:itpId",
    "domain": "projects",
    "method": "put",
  },
  {
    "authExpectation": "authenticated",
    "canonicalPath": "/projects/:projectId/itps/:itpId",
    "domain": "projects",
    "method": "delete",
  },
  {
    "authExpectation": "authenticated",
    "canonicalPath": "/projects/:projectId/itps/:itpId/approve",
    "domain": "projects",
    "method": "post",
  },
  {
    "authExpectation": "authenticated",
    "canonicalPath": "/projects/:projectId/itps/:itpId/revise",
    "domain": "projects",
    "method": "post",
  },
  {
    "authExpectation": "authenticated",
    "canonicalPath": "/projects/:projectId/testing-schedules",
    "domain": "projects",
    "method": "post",
  },
  {
    "authExpectation": "authenticated",
    "canonicalPath": "/projects/:projectId/testing-schedules/:scheduleId",
    "domain": "projects",
    "method": "put",
  },
  {
    "authExpectation": "authenticated",
    "canonicalPath": "/projects/:projectId/testing-schedules",
    "domain": "projects",
    "method": "get",
  },
  {
    "authExpectation": "authenticated",
    "canonicalPath": "/projects/:projectId/material-tests",
    "domain": "projects",
    "method": "post",
  },
  {
    "authExpectation": "authenticated",
    "canonicalPath": "/projects/:projectId/material-tests/:testId/status",
    "domain": "projects",
    "method": "put",
  },
  {
    "authExpectation": "authenticated",
    "canonicalPath": "/projects/:projectId/material-tests/:testId/result",
    "domain": "projects",
    "method": "post",
  },
  {
    "authExpectation": "authenticated",
    "canonicalPath": "/projects/:projectId/material-tests",
    "domain": "projects",
    "method": "get",
  },
  {
    "authExpectation": "authenticated",
    "canonicalPath": "/projects/:projectId/itp/compliance-score",
    "domain": "projects",
    "method": "get",
  },
  {
    "authExpectation": "authenticated",
    "canonicalPath": "/projects/:projectId/itp/quality-summary",
    "domain": "projects",
    "method": "get",
  },
  {
    "authExpectation": "authenticated",
    "canonicalPath": "/projects/:projectId/itps/:itpId/compliance-report",
    "domain": "projects",
    "method": "get",
  },
]
`;
